2026-06-30 16:45:13, MOVE, v:1, k:fub@bingo, mode:DOWN
2026-06-30 16:45:13, MOVE, v:1, k:fub@bingo, mode:PICK
2026-06-30 16:45:17, EXEC, v:1, k:fub@bingo, mode:FULL, rate:0, size:5
2026-06-30 16:47:34, EXEC, v:1, k:fub@bingo, mode:FULL, rate:100, size:33
2026-06-30 16:47:38, MOVE, v:1, k:fub@bingo, mode:BACK
2026-06-30 16:47:42, SELF, v:1, k:fub@bingo, self:1, rate:100
2026-06-30 16:47:46, MOVE, v:1, k:fub@imperador, mode:DOWN
2026-06-30 16:47:46, MOVE, v:1, k:fub@imperador, mode:PICK
2026-06-30 16:47:54, EXEC, v:1, k:fub@imperador, mode:FULL, rate:0, size:6
2026-06-30 16:45:13, MOVE, v:1, k:fub@bingo, mode:EDIT
2026-06-30 16:47:30, MOVE, v:1, k:fub@bingo, mode:EDIT
2026-06-30 16:47:34, MOVE, v:1, k:fub@bingo, mode:EDIT
2026-06-30 16:49:42, MOVE, v:1, k:fub@imperador, mode:EDIT
2026-06-30 16:47:54, MOVE, v:1, k:fub@imperador, mode:EDIT
2026-06-30 16:54:37, MOVE, v:1, k:fub@imperador, mode:EDIT
2026-06-30 16:59:46, MOVE, v:1, k:fub@imperador, mode:EDIT
2026-06-30 17:00:35, EXEC, v:1, k:fub@imperador, mode:FULL, size:50, fail:COMP
2026-06-30 17:00:52, EXEC, v:1, k:fub@imperador, mode:FULL, rate:100, size:57
2026-06-30 17:00:53, MOVE, v:1, k:fub@imperador, mode:BACK
2026-06-30 17:00:58, SELF, v:1, k:fub@imperador, self:1, rate:100
2026-06-30 17:01:02, MOVE, v:1, k:fub@coluna, mode:DOWN
2026-06-30 17:01:03, MOVE, v:1, k:fub@coluna, mode:PICK
2026-06-30 17:01:04, EXEC, v:1, k:fub@coluna, mode:FULL, rate:0, size:5
2026-06-30 17:01:41, EXEC, v:1, k:fub@coluna, mode:FULL, rate:100, size:36
2026-06-30 17:01:44, MOVE, v:1, k:fub@coluna, mode:BACK
2026-06-30 17:01:47, SELF, v:1, k:fub@coluna, self:1, rate:100
2026-06-30 17:00:51, MOVE, v:1, k:fub@imperador, mode:EDIT
2026-06-30 17:00:52, MOVE, v:1, k:fub@imperador, mode:EDIT
2026-06-30 17:01:02, MOVE, v:1, k:fub@coluna, mode:EDIT
2026-06-30 17:01:41, MOVE, v:1, k:fub@coluna, mode:EDIT
2026-06-30 17:01:40, MOVE, v:1, k:fub@coluna, mode:EDIT
