2026-05-05 15:06:57, MOVE, v:1, k:fub@teleferico, mode:PICK
2026-05-05 15:07:00, EXEC, v:1, k:fub@teleferico, mode:FULL, rate:100
2026-05-05 15:07:07, MOVE, v:1, k:fub@teleferico, mode:BACK
2026-05-05 15:07:11, MOVE, v:1, k:fub@goiabas, mode:PICK
2026-05-05 15:07:13, EXEC, v:1, k:fub@goiabas, mode:FULL, size:6, fail:COMP
2026-05-05 15:07:16, EXEC, v:1, k:fub@goiabas, mode:FULL, fail:COMP
2026-05-05 15:07:36, EXEC, v:1, k:fub@goiabas, mode:FULL, rate:0, size:6
2026-05-05 15:07:00, MOVE, v:1, k:fub@teleferico, mode:EDIT
2026-05-05 15:07:34, MOVE, v:1, k:fub@goiabas, mode:EDIT
2026-05-05 15:07:36, MOVE, v:1, k:fub@goiabas, mode:EDIT
2026-05-05 15:17:45, EXEC, v:1, k:fub@goiabas, mode:FULL, rate:0, size:10
2026-05-05 15:19:53, EXEC, v:1, k:fub@goiabas, mode:FULL, rate:0, size:15
2026-05-05 15:19:50, MOVE, v:1, k:fub@goiabas, mode:EDIT
2026-05-05 15:19:53, MOVE, v:1, k:fub@goiabas, mode:EDIT
2026-05-05 15:25:40, EXEC, v:1, k:fub@goiabas, mode:FULL, rate:0, size:15
2026-05-05 15:26:04, EXEC, v:1, k:fub@goiabas, mode:FULL, rate:0, size:17
2026-05-05 15:26:09, EXEC, v:1, k:fub@goiabas, mode:FULL, rate:12, size:15
2026-05-05 15:26:08, MOVE, v:1, k:fub@goiabas, mode:EDIT
2026-05-05 15:26:09, MOVE, v:1, k:fub@goiabas, mode:EDIT
2026-05-05 15:51:05, EXEC, v:1, k:fub@goiabas, mode:FULL, rate:100, size:15
2026-05-05 15:51:11, MOVE, v:1, k:fub@goiabas, mode:BACK
2026-05-05 15:51:17, SELF, v:1, k:fub@goiabas, self:1, rate:100
2026-05-05 15:51:04, MOVE, v:1, k:fub@goiabas, mode:EDIT
2026-05-05 15:51:05, MOVE, v:1, k:fub@goiabas, mode:EDIT
2026-05-05 15:54:58, MOVE, v:1, k:fub@bhaskara, mode:PICK
2026-05-05 15:54:59, EXEC, v:1, k:fub@bhaskara, mode:FULL, rate:0
2026-05-05 15:55:07, EXEC, v:1, k:fub@bhaskara, mode:FULL, rate:0
2026-05-05 15:55:07, MOVE, v:1, k:fub@bhaskara, mode:EDIT
2026-05-05 16:06:20, EXEC, v:1, k:fub@bhaskara, mode:FULL, rate:0, size:8
2026-05-05 16:06:41, MOVE, v:1, k:fub@bhaskara, mode:EDIT
2026-05-05 16:06:20, MOVE, v:1, k:fub@bhaskara, mode:EDIT
2026-05-05 16:07:09, EXEC, v:1, k:fub@bhaskara, mode:FULL, rate:0, size:10
2026-05-05 16:08:13, EXEC, v:1, k:fub@bhaskara, mode:FULL, rate:0, size:10
2026-05-05 16:08:37, EXEC, v:1, k:fub@bhaskara, mode:FULL, rate:0, size:10
2026-05-05 16:09:11, EXEC, v:1, k:fub@bhaskara, mode:FULL, rate:0, size:10
2026-05-05 16:09:28, EXEC, v:1, k:fub@bhaskara, mode:FULL, size:10, fail:COMP
2026-05-05 16:09:40, EXEC, v:1, k:fub@bhaskara, mode:FULL, rate:0, size:10
2026-05-05 16:09:51, MOVE, v:1, k:fub@bhaskara, mode:EDIT
2026-05-05 16:09:40, MOVE, v:1, k:fub@bhaskara, mode:EDIT
2026-05-05 16:14:24, MOVE, v:1, k:fub@bhaskara, mode:BACK
2026-05-05 17:15:36, MOVE, v:1, k:fub@bhaskara, mode:PICK
2026-05-05 17:15:37, EXEC, v:1, k:fub@bhaskara, mode:FULL, size:13, fail:COMP
2026-05-05 17:19:34, MOVE, v:1, k:fub@bhaskara, mode:EDIT
2026-05-05 17:23:38, MOVE, v:1, k:fub@bhaskara, mode:EDIT
2026-05-05 17:25:49, MOVE, v:1, k:fub@bhaskara, mode:EDIT
2026-05-05 17:34:00, MOVE, v:1, k:fub@bhaskara, mode:EDIT
2026-05-05 17:49:48, MOVE, v:1, k:fub@bhaskara, mode:EDIT
2026-05-05 17:49:49, EXEC, v:1, k:fub@bhaskara, mode:FULL, rate:42, size:17
2026-05-05 17:51:48, EXEC, v:1, k:fub@bhaskara, mode:FULL, size:24, fail:COMP
2026-05-05 17:51:50, EXEC, v:1, k:fub@bhaskara, mode:FULL, rate:71, size:24
2026-05-05 17:51:56, EXEC, v:1, k:fub@bhaskara, mode:FULL, rate:71, size:24
2026-05-05 17:53:58, EXEC, v:1, k:fub@bhaskara, mode:FULL, rate:85, size:21
2026-05-05 17:53:58, MOVE, v:1, k:fub@bhaskara, mode:EDIT
2026-05-05 17:53:49, MOVE, v:1, k:fub@bhaskara, mode:EDIT
2026-05-05 18:15:41, EXEC, v:1, k:fub@bhaskara, mode:FULL, rate:85
2026-05-05 18:15:43, EXEC, v:1, k:fub@bhaskara, mode:FULL, rate:85
2026-05-05 18:15:45, EXEC, v:1, k:fub@bhaskara, mode:FULL, rate:85
2026-05-05 18:15:45, EXEC, v:1, k:fub@bhaskara, mode:FULL, rate:85
2026-05-05 18:15:46, EXEC, v:1, k:fub@bhaskara, mode:FULL, rate:85
2026-05-05 18:15:46, EXEC, v:1, k:fub@bhaskara, mode:FULL, rate:85
2026-05-05 18:15:47, EXEC, v:1, k:fub@bhaskara, mode:FULL, rate:85
2026-05-05 18:15:47, EXEC, v:1, k:fub@bhaskara, mode:FULL, rate:85
2026-05-05 18:15:48, EXEC, v:1, k:fub@bhaskara, mode:FULL, rate:85
2026-05-05 18:15:48, EXEC, v:1, k:fub@bhaskara, mode:FULL, rate:85
2026-05-05 18:15:49, EXEC, v:1, k:fub@bhaskara, mode:FULL, rate:85
2026-05-05 18:15:49, EXEC, v:1, k:fub@bhaskara, mode:FULL, rate:85
2026-05-05 18:15:50, EXEC, v:1, k:fub@bhaskara, mode:FULL, rate:85
2026-05-05 18:15:50, EXEC, v:1, k:fub@bhaskara, mode:FULL, rate:85
2026-05-05 18:15:50, EXEC, v:1, k:fub@bhaskara, mode:FULL, rate:85
2026-05-05 18:15:51, EXEC, v:1, k:fub@bhaskara, mode:FULL, rate:85
2026-05-05 18:15:51, MOVE, v:1, k:fub@bhaskara, mode:EDIT
2026-05-05 18:19:25, MOVE, v:1, k:fub@bhaskara, mode:EDIT
2026-05-05 18:19:51, EXEC, v:1, k:fub@bhaskara, mode:FULL, rate:85, size:26
2026-05-05 18:19:56, EXEC, v:1, k:fub@bhaskara, mode:FULL, rate:85
2026-05-05 18:20:47, EXEC, v:1, k:fub@bhaskara, mode:FULL, rate:85
2026-05-05 18:20:52, EXEC, v:1, k:fub@bhaskara, mode:FULL, rate:85
2026-05-05 18:22:05, EXEC, v:1, k:fub@bhaskara, mode:FULL, rate:85, size:26
2026-05-05 18:22:08, EXEC, v:1, k:fub@bhaskara, mode:FULL, rate:85
2026-05-05 18:22:10, EXEC, v:1, k:fub@bhaskara, mode:FULL, rate:85
2026-05-05 18:22:13, EXEC, v:1, k:fub@bhaskara, mode:FULL, rate:85, size:26
2026-05-05 18:22:31, EXEC, v:1, k:fub@bhaskara, mode:FULL, rate:85, size:30
2026-05-05 18:22:31, MOVE, v:1, k:fub@bhaskara, mode:EDIT
2026-05-05 18:22:31, MOVE, v:1, k:fub@bhaskara, mode:EDIT
2026-05-05 18:25:48, EXEC, v:1, k:fub@bhaskara, mode:FULL, rate:71, size:31
2026-05-05 18:25:52, EXEC, v:1, k:fub@bhaskara, mode:FULL, rate:71
2026-05-05 18:25:53, EXEC, v:1, k:fub@bhaskara, mode:FULL, rate:71
2026-05-05 18:25:47, MOVE, v:1, k:fub@bhaskara, mode:EDIT
2026-05-05 18:25:53, MOVE, v:1, k:fub@bhaskara, mode:EDIT
