2026-04-27 12:07:50, MOVE, v:1, k:fub@jokenpo15, mode:DOWN
2026-04-27 12:07:54, MOVE, v:1, k:fub@jokenpo15, mode:PICK
2026-04-27 12:07:57, EXEC, v:1, k:fub@jokenpo15, mode:FULL, rate:0, size:5
2026-04-27 12:07:50, MOVE, v:1, k:fub@jokenpo15, mode:EDIT
2026-04-27 12:07:50, MOVE, v:1, k:fub@jokenpo15, mode:EDIT
2026-04-27 12:07:50, MOVE, v:1, k:fub@jokenpo15, mode:EDIT
2026-04-27 12:07:57, MOVE, v:1, k:fub@jokenpo15, mode:EDIT
2026-04-27 12:36:53, MOVE, v:1, k:fub@jokenpo15, mode:EDIT
2026-04-27 12:38:27, EXEC, v:1, k:fub@jokenpo15, mode:FREE, size:9
2026-04-27 12:39:04, MOVE, v:1, k:fub@jokenpo15, mode:PICK
2026-04-27 12:39:06, EXEC, v:1, k:fub@jokenpo15, mode:FULL, rate:0
2026-04-27 12:39:06, EXEC, v:1, k:fub@jokenpo15, mode:FREE
2026-04-27 12:39:25, MOVE, v:1, k:fub@jokenpo15, mode:PICK
2026-04-27 12:44:19, MOVE, v:1, k:fub@jokenpo15, mode:EDIT
2026-04-27 12:45:13, EXEC, v:1, k:fub@jokenpo15, mode:FULL, rate:0, size:17
2026-04-27 12:45:18, EXEC, v:1, k:fub@jokenpo15, mode:FREE
2026-04-27 12:47:30, MOVE, v:1, k:fub@jokenpo15, mode:EDIT
2026-04-27 12:47:22, MOVE, v:1, k:fub@jokenpo15, mode:EDIT
2026-04-27 12:54:19, MOVE, v:1, k:fub@jokenpo15, mode:EDIT
2026-04-27 12:53:10, MOVE, v:1, k:fub@jokenpo15, mode:EDIT
2026-04-27 13:00:00, MOVE, v:1, k:fub@jokenpo15, mode:PICK
2026-04-27 13:00:00, EXEC, v:1, k:fub@jokenpo15, mode:FULL, size:33, fail:COMP
2026-04-27 13:00:01, EXEC, v:1, k:fub@jokenpo15, mode:FULL, fail:COMP
2026-04-27 13:00:02, EXEC, v:1, k:fub@jokenpo15, mode:FREE
2026-04-27 13:01:13, EXEC, v:1, k:fub@jokenpo15, mode:FULL, fail:COMP
2026-04-27 13:01:14, EXEC, v:1, k:fub@jokenpo15, mode:FULL, fail:COMP
2026-04-27 13:01:17, EXEC, v:1, k:fub@jokenpo15, mode:FREE
2026-04-27 13:03:40, EXEC, v:1, k:fub@jokenpo15, mode:FULL, fail:COMP
2026-04-27 13:04:17, MOVE, v:1, k:fub@jokenpo15, mode:EDIT
