2026-04-08 11:51:31, MOVE, v:1, k:fub@quantos, mode:PICK
2026-04-08 11:51:32, EXEC, v:1, k:fub@quantos, mode:FULL, size:11, fail:COMP
2026-04-08 11:51:51, EXEC, v:1, k:fub@quantos, mode:FULL, rate:12, size:11
2026-04-08 11:54:23, EXEC, v:1, k:fub@quantos, mode:FULL, size:15, fail:COMP
2026-04-08 11:54:36, EXEC, v:1, k:fub@quantos, mode:FULL, rate:0, size:15
2026-04-08 11:55:55, MOVE, v:1, k:fub@quantos, mode:BACK
2026-04-08 11:55:58, MOVE, v:1, k:fub@quantos, mode:PICK
2026-04-08 11:55:59, EXEC, v:1, k:fub@quantos, mode:FULL, rate:0, size:12
2026-04-08 11:54:47, MOVE, v:1, k:fub@quantos, mode:EDIT
2026-04-08 11:55:59, MOVE, v:1, k:fub@quantos, mode:EDIT
2026-04-08 11:59:35, EXEC, v:1, k:fub@quantos, mode:FULL, rate:0, size:14
2026-04-08 11:59:39, EXEC, v:1, k:fub@quantos, mode:FULL, rate:0
2026-04-08 12:00:56, EXEC, v:1, k:fub@quantos, mode:FULL, rate:37, size:20
2026-04-08 12:01:05, EXEC, v:1, k:fub@quantos, mode:FULL, rate:37
2026-04-08 12:01:24, MOVE, v:1, k:fub@quantos, mode:EDIT
2026-04-08 12:01:05, MOVE, v:1, k:fub@quantos, mode:EDIT
2026-04-08 12:02:12, EXEC, v:1, k:fub@quantos, mode:FULL, rate:75, size:23
2026-04-08 12:04:40, EXEC, v:1, k:fub@quantos, mode:FULL, rate:75, size:26
2026-04-08 12:06:26, MOVE, v:1, k:fub@quantos, mode:EDIT
2026-04-08 12:04:40, MOVE, v:1, k:fub@quantos, mode:EDIT
2026-04-08 12:06:52, EXEC, v:1, k:fub@quantos, mode:FULL, rate:25, size:10
2026-04-08 12:07:48, EXEC, v:1, k:fub@quantos, mode:FULL, rate:62, size:12
2026-04-08 12:08:09, EXEC, v:1, k:fub@quantos, mode:FULL, rate:100, size:14
2026-04-08 12:08:31, MOVE, v:1, k:fub@quantos, mode:BACK
2026-04-08 12:08:41, SELF, v:1, k:fub@quantos, self:1, rate:100
2026-04-08 12:09:04, SELF, v:1, k:fub@quantos, self:1, rate:100, study:40
