2026-03-17 17:09:34, SELF, v:1, k:sandbox@user_002, self:1, rate:100, guided:1
2026-03-17 17:09:51, SELF, v:1, k:sandbox@user_001, self:1, guided:1
2026-03-17 17:10:59, MOVE, v:1, k:fub@sobrou, mode:PICK
2026-03-17 17:11:02, MOVE, v:1, k:fub@sobrou, mode:BACK
2026-03-17 17:19:47, MOVE, v:1, k:fub@sobrou, mode:PICK
2026-03-17 17:19:50, EXEC, v:1, k:fub@sobrou, mode:FULL, size:7, fail:COMP
2026-03-17 17:19:53, EXEC, v:1, k:fub@sobrou, mode:FULL, fail:COMP
2026-03-17 17:19:54, EXEC, v:1, k:fub@sobrou, mode:FULL, fail:COMP
2026-03-17 17:19:55, MOVE, v:1, k:fub@sobrou, mode:BACK
2026-03-17 17:20:00, MOVE, v:1, k:fub@sobrou, mode:PICK
2026-03-17 17:20:01, EXEC, v:1, k:fub@sobrou, mode:FULL, fail:COMP
2026-03-17 17:20:14, EXEC, v:1, k:fub@sobrou, mode:FULL, rate:0, size:7
2026-03-17 17:20:14, EXEC, v:1, k:fub@sobrou, mode:FULL, rate:0, size:7
2026-03-17 17:34:49, MOVE, v:1, k:fub@sobrou, mode:BACK
2026-03-17 17:52:36, MOVE, v:1, k:sandbox@user_004, mode:PICK
2026-03-17 17:52:38, EXEC, v:1, k:sandbox@user_004, mode:LOCK, rate:0, size:26
2026-03-17 17:53:30, EXEC, v:1, k:sandbox@user_004, mode:LOCK, rate:0, size:26
2026-03-17 17:53:46, EXEC, v:1, k:sandbox@user_004, mode:LOCK, rate:0, size:26
2026-03-17 17:55:46, EXEC, v:1, k:sandbox@user_004, mode:LOCK, rate:0, size:28
2026-03-17 17:56:08, EXEC, v:1, k:sandbox@user_004, mode:LOCK, rate:0, size:28
2026-03-17 18:01:41, EXEC, v:1, k:sandbox@user_004, mode:LOCK, rate:0, size:40
2026-03-17 18:06:35, EXEC, v:1, k:sandbox@user_004, mode:LOCK, rate:0, size:53
2026-03-17 18:13:18, MOVE, v:1, k:sandbox@user_004, mode:BACK
