2026-05-14 02:11:31, MOVE, v:1, k:fub@cortada, mode:PICK
2026-05-14 02:11:34, EXEC, v:1, k:fub@cortada, mode:FULL, rate:0
2026-05-14 02:11:41, MOVE, v:1, k:fub@cortada, mode:BACK
2026-05-14 02:11:47, MOVE, v:1, k:fub@cortada, mode:PICK
2026-05-14 02:11:49, EXEC, v:1, k:fub@cortada, mode:FULL, rate:0
2026-05-14 02:11:48, MOVE, v:1, k:fub@cortada, mode:EDIT
2026-05-14 02:31:40, MOVE, v:1, k:fub@cortada, mode:BACK
2026-05-14 02:31:43, MOVE, v:1, k:fub@cortada, mode:PICK
2026-05-14 02:31:45, EXEC, v:1, k:fub@cortada, mode:FULL, rate:0
2026-05-14 02:31:53, EXEC, v:1, k:fub@cortada, mode:FULL, rate:100, size:19
2026-05-14 02:31:56, MOVE, v:1, k:fub@cortada, mode:BACK
2026-05-14 02:32:00, SELF, v:1, k:fub@cortada, self:1, rate:100
2026-05-14 02:32:04, MOVE, v:1, k:fub@cobra, mode:DOWN
2026-05-14 02:32:05, MOVE, v:1, k:fub@cobra, mode:PICK
2026-05-14 02:32:07, EXEC, v:1, k:fub@cobra, mode:FULL, rate:0, size:5
2026-05-14 02:31:52, MOVE, v:1, k:fub@cortada, mode:EDIT
2026-05-14 02:31:48, MOVE, v:1, k:fub@cortada, mode:EDIT
2026-05-14 02:32:04, MOVE, v:1, k:fub@cobra, mode:EDIT
2026-05-14 02:32:04, MOVE, v:1, k:fub@cobra, mode:EDIT
2026-05-14 02:32:04, MOVE, v:1, k:fub@cobra, mode:EDIT
2026-05-14 02:32:07, MOVE, v:1, k:fub@cobra, mode:EDIT
