2026-06-26 21:55:58, MOVE, v:1, k:fub@invertendo, mode:DOWN
2026-06-26 21:55:59, MOVE, v:1, k:fub@invertendo, mode:PICK
2026-06-26 21:56:09, EXEC, v:1, k:fub@invertendo, mode:FULL, rate:0, size:5
2026-06-26 21:55:58, MOVE, v:1, k:fub@invertendo, mode:EDIT
2026-06-26 21:56:09, MOVE, v:1, k:fub@invertendo, mode:EDIT
2026-06-26 21:55:58, MOVE, v:1, k:fub@invertendo, mode:EDIT
2026-06-26 21:56:09, MOVE, v:1, k:fub@invertendo, mode:EDIT
2026-06-26 22:13:20, EXEC, v:1, k:fub@invertendo, mode:FULL, rate:100, size:20
2026-06-26 22:13:23, MOVE, v:1, k:fub@invertendo, mode:BACK
2026-06-26 22:13:28, SELF, v:1, k:fub@invertendo, self:1, rate:100
2026-06-26 22:13:19, MOVE, v:1, k:fub@invertendo, mode:EDIT
2026-06-26 22:13:20, MOVE, v:1, k:fub@invertendo, mode:EDIT
2026-06-26 22:13:19, MOVE, v:1, k:fub@invertendo, mode:EDIT
2026-06-26 22:13:20, MOVE, v:1, k:fub@invertendo, mode:EDIT
2026-06-26 22:16:59, MOVE, v:1, k:fub@fila, mode:DOWN
2026-06-26 22:17:00, MOVE, v:1, k:fub@fila, mode:PICK
2026-06-26 22:17:20, MOVE, v:1, k:fub@fila, mode:PICK
2026-06-26 22:17:21, EXEC, v:1, k:fub@fila, mode:FULL, rate:0, size:5
2026-06-26 22:16:59, MOVE, v:1, k:fub@fila, mode:EDIT
2026-06-26 22:17:21, MOVE, v:1, k:fub@fila, mode:EDIT
2026-06-26 22:17:21, MOVE, v:1, k:fub@fila, mode:EDIT
2026-06-26 22:34:10, EXEC, v:1, k:fub@fila, mode:FULL, rate:100, size:33
2026-06-26 22:34:13, MOVE, v:1, k:fub@fila, mode:BACK
2026-06-26 22:34:25, SELF, v:1, k:fub@fila, self:1, rate:100
2026-06-26 22:34:09, MOVE, v:1, k:fub@fila, mode:EDIT
2026-06-26 22:34:10, MOVE, v:1, k:fub@fila, mode:EDIT
2026-06-26 22:35:18, MOVE, v:1, k:fub@troco, mode:DOWN
2026-06-26 22:35:19, MOVE, v:1, k:fub@troco, mode:PICK
2026-06-26 22:35:46, MOVE, v:1, k:fub@troco, mode:PICK
2026-06-26 22:35:47, EXEC, v:1, k:fub@troco, mode:FULL, rate:0, size:5
2026-06-26 22:35:18, MOVE, v:1, k:fub@troco, mode:EDIT
2026-06-26 22:35:18, MOVE, v:1, k:fub@troco, mode:EDIT
2026-06-26 22:35:47, MOVE, v:1, k:fub@troco, mode:EDIT
2026-06-26 22:35:47, MOVE, v:1, k:fub@troco, mode:EDIT
2026-06-26 22:52:45, EXEC, v:1, k:fub@troco, mode:FULL, rate:100, size:26
2026-06-26 22:53:01, MOVE, v:1, k:fub@troco, mode:BACK
2026-06-26 22:53:06, SELF, v:1, k:fub@troco, self:1, rate:100
2026-06-26 22:52:58, MOVE, v:1, k:fub@troco, mode:EDIT
2026-06-26 22:52:45, MOVE, v:1, k:fub@troco, mode:EDIT
2026-06-26 22:52:58, MOVE, v:1, k:fub@troco, mode:EDIT
2026-06-26 22:52:45, MOVE, v:1, k:fub@troco, mode:EDIT
2026-06-26 22:56:40, MOVE, v:1, k:fub@casais, mode:DOWN
2026-06-26 22:56:40, MOVE, v:1, k:fub@casais, mode:PICK
2026-06-26 22:56:42, EXEC, v:1, k:fub@casais, mode:FULL, rate:0, size:5
2026-06-26 22:56:40, MOVE, v:1, k:fub@casais, mode:EDIT
2026-06-26 22:56:42, MOVE, v:1, k:fub@casais, mode:EDIT
2026-06-26 22:56:40, MOVE, v:1, k:fub@casais, mode:EDIT
2026-06-26 22:56:42, MOVE, v:1, k:fub@casais, mode:EDIT
2026-06-26 23:05:14, MOVE, v:1, k:fub@casais, mode:EDIT
2026-06-26 23:05:14, MOVE, v:1, k:fub@casais, mode:EDIT
2026-06-26 23:14:45, EXEC, v:1, k:fub@casais, mode:FULL, rate:100, size:34
2026-06-26 23:14:48, MOVE, v:1, k:fub@casais, mode:BACK
2026-06-26 23:14:44, MOVE, v:1, k:fub@casais, mode:EDIT
2026-06-26 23:14:45, MOVE, v:1, k:fub@casais, mode:EDIT
2026-06-26 23:14:56, SELF, v:1, k:fub@casais, self:1, rate:100
2026-06-26 23:15:12, MOVE, v:1, k:fub@exemplares, mode:DOWN
2026-06-26 23:15:13, MOVE, v:1, k:fub@exemplares, mode:PICK
2026-06-26 23:15:32, MOVE, v:1, k:fub@exemplares, mode:PICK
2026-06-26 23:15:33, EXEC, v:1, k:fub@exemplares, mode:FULL, rate:0, size:5
2026-06-26 23:15:12, MOVE, v:1, k:fub@exemplares, mode:EDIT
2026-06-26 23:15:33, MOVE, v:1, k:fub@exemplares, mode:EDIT
2026-06-26 23:16:38, MOVE, v:1, k:fub@exemplares, mode:EDIT
2026-06-26 23:15:33, MOVE, v:1, k:fub@exemplares, mode:EDIT
2026-06-26 23:16:38, MOVE, v:1, k:fub@exemplares, mode:EDIT
2026-06-26 23:35:28, MOVE, v:1, k:fub@exemplares, mode:EDIT
2026-06-26 23:35:29, EXEC, v:1, k:fub@exemplares, mode:FULL, rate:100, size:44
2026-06-26 23:35:31, MOVE, v:1, k:fub@exemplares, mode:BACK
2026-06-26 23:35:51, SELF, v:1, k:fub@exemplares, self:1, rate:100
2026-06-26 23:35:28, MOVE, v:1, k:fub@exemplares, mode:EDIT
2026-06-26 23:35:29, MOVE, v:1, k:fub@exemplares, mode:EDIT
2026-06-26 23:35:29, MOVE, v:1, k:fub@exemplares, mode:EDIT
