2026-04-13 15:50:36, MOVE, v:1, k:sandbox@user_001, mode:PICK
2026-04-13 15:50:38, MOVE, v:1, k:sandbox@user_001, mode:BACK
2026-04-13 15:52:40, MOVE, v:1, k:sandbox@user_002, mode:PICK
2026-04-13 15:52:45, EXEC, v:1, k:sandbox@user_002, mode:LOCK, rate:0, size:13
2026-04-13 15:52:50, EXEC, v:1, k:sandbox@user_002, mode:LOCK, rate:0
2026-04-13 15:52:59, EXEC, v:1, k:sandbox@user_002, mode:LOCK, rate:0
2026-04-13 15:52:57, MOVE, v:1, k:sandbox@user_002, mode:EDIT
2026-04-13 15:53:25, MOVE, v:1, k:sandbox@user_002, mode:EDIT
2026-04-13 15:58:50, MOVE, v:1, k:sandbox@user_002, mode:BACK
2026-04-13 15:59:07, MOVE, v:1, k:fub@multiplo, mode:PICK
2026-04-13 15:59:09, EXEC, v:1, k:fub@multiplo, mode:FULL, rate:100
2026-04-13 15:59:34, MOVE, v:1, k:fub@multiplo, mode:BACK
2026-04-13 15:59:40, SELF, v:1, k:fub@multiplo, self:1, rate:100
2026-04-13 15:59:40, MOVE, v:1, k:fub@multiplo, mode:PICK
2026-04-13 15:59:42, MOVE, v:1, k:fub@multiplo, mode:BACK
2026-04-13 15:59:46, MOVE, v:1, k:fub@impar, mode:PICK
2026-04-13 15:59:47, EXEC, v:1, k:fub@impar, mode:FULL, rate:0, size:5
2026-04-13 16:01:15, MOVE, v:1, k:fub@impar, mode:BACK
2026-04-13 16:01:18, MOVE, v:1, k:fub@round, mode:DOWN
2026-04-13 16:01:19, MOVE, v:1, k:fub@round, mode:PICK
2026-04-13 16:02:02, EXEC, v:1, k:fub@round, mode:FULL, rate:0, size:5
2026-04-13 15:58:38, MOVE, v:1, k:sandbox@user_002, mode:EDIT
2026-04-13 15:59:09, MOVE, v:1, k:fub@multiplo, mode:EDIT
2026-04-13 15:59:47, MOVE, v:1, k:fub@impar, mode:EDIT
2026-04-13 16:01:18, MOVE, v:1, k:fub@round, mode:EDIT
2026-04-13 16:01:18, MOVE, v:1, k:fub@round, mode:EDIT
2026-04-13 16:01:18, MOVE, v:1, k:fub@round, mode:EDIT
2026-04-13 16:02:01, MOVE, v:1, k:fub@round, mode:EDIT
2026-04-13 16:06:07, MOVE, v:1, k:fub@round, mode:EDIT
2026-04-13 16:12:37, MOVE, v:1, k:fub@round, mode:EDIT
2026-04-13 16:17:30, MOVE, v:1, k:fub@round, mode:EDIT
2026-04-13 16:19:27, EXEC, v:1, k:fub@round, mode:FULL, rate:41, size:27
2026-04-13 16:20:20, EXEC, v:1, k:fub@round, mode:FULL, rate:100, size:31
2026-04-13 16:20:32, MOVE, v:1, k:fub@round, mode:BACK
2026-04-13 16:21:15, SELF, v:1, k:fub@round, self:1, rate:100, code:1
2026-04-13 16:20:17, MOVE, v:1, k:fub@round, mode:EDIT
2026-04-13 16:20:19, MOVE, v:1, k:fub@round, mode:EDIT
2026-04-13 16:36:44, MOVE, v:1, k:fub@mumia, mode:DOWN
2026-04-13 16:36:46, MOVE, v:1, k:fub@mumia, mode:PICK
2026-04-13 16:36:47, EXEC, v:1, k:fub@mumia, mode:FULL, rate:0, size:5
2026-04-13 16:36:44, MOVE, v:1, k:fub@mumia, mode:EDIT
2026-04-13 16:36:44, MOVE, v:1, k:fub@mumia, mode:EDIT
2026-04-13 16:36:44, MOVE, v:1, k:fub@mumia, mode:EDIT
2026-04-13 16:36:47, MOVE, v:1, k:fub@mumia, mode:EDIT
2026-04-13 16:42:37, MOVE, v:1, k:fub@mumia, mode:EDIT
2026-04-13 16:44:03, EXEC, v:1, k:fub@mumia, mode:FULL, size:13, fail:COMP
2026-04-13 16:44:21, EXEC, v:1, k:fub@mumia, mode:FULL, size:13, fail:COMP
2026-04-13 16:44:42, EXEC, v:1, k:fub@mumia, mode:FULL, size:13, fail:COMP
2026-04-13 16:45:09, EXEC, v:1, k:fub@mumia, mode:FULL, size:13, fail:COMP
2026-04-13 16:45:13, EXEC, v:1, k:fub@mumia, mode:FREE
2026-04-13 16:45:21, EXEC, v:1, k:fub@mumia, mode:FULL, fail:COMP
2026-04-13 16:47:37, MOVE, v:1, k:fub@mumia, mode:BACK
2026-04-13 16:46:06, MOVE, v:1, k:fub@mumia, mode:EDIT
2026-04-13 16:49:20, MOVE, v:1, k:fub@mumia, mode:PICK
2026-04-13 16:49:20, EXEC, v:1, k:fub@mumia, mode:FULL, size:13, fail:COMP
2026-04-13 16:50:02, EXEC, v:1, k:fub@mumia, mode:FULL, rate:0, size:13
2026-04-13 16:51:28, EXEC, v:1, k:fub@mumia, mode:FULL, rate:0, size:13
2026-04-13 16:51:36, EXEC, v:1, k:fub@mumia, mode:FULL, rate:22, size:13
2026-04-13 16:53:19, EXEC, v:1, k:fub@mumia, mode:FULL, rate:0, size:13
2026-04-13 16:53:18, MOVE, v:1, k:fub@mumia, mode:EDIT
2026-04-13 16:53:19, MOVE, v:1, k:fub@mumia, mode:EDIT
2026-04-13 16:55:19, MOVE, v:1, k:fub@mumia, mode:BACK
2026-04-13 17:01:22, MOVE, v:1, k:eval1@pares, mode:DOWN
2026-04-13 17:01:27, MOVE, v:1, k:eval1@pares, mode:PICK
2026-04-13 17:01:28, EXEC, v:1, k:eval1@pares, mode:FULL, rate:0, size:5
2026-04-13 17:02:37, MOVE, v:1, k:eval1@pares, mode:BACK
2026-04-13 17:01:22, MOVE, v:1, k:eval1@pares, mode:EDIT
2026-04-13 17:01:22, MOVE, v:1, k:eval1@pares, mode:EDIT
2026-04-13 17:01:32, MOVE, v:1, k:eval1@pares, mode:EDIT
2026-04-13 17:01:28, MOVE, v:1, k:eval1@pares, mode:EDIT
2026-04-13 17:06:01, MOVE, v:1, k:eval1@mumia, mode:DOWN
2026-04-13 17:06:02, MOVE, v:1, k:eval1@mumia, mode:PICK
2026-04-13 17:06:03, EXEC, v:1, k:eval1@mumia, mode:FULL, rate:0, size:5
2026-04-13 17:06:07, MOVE, v:1, k:eval1@mumia, mode:EDIT
2026-04-13 17:06:01, MOVE, v:1, k:eval1@mumia, mode:EDIT
2026-04-13 17:06:03, MOVE, v:1, k:eval1@mumia, mode:EDIT
2026-04-13 17:06:48, MOVE, v:1, k:eval1@mumia, mode:EDIT
2026-04-13 17:13:11, MOVE, v:1, k:eval1@mumia, mode:EDIT
2026-04-13 17:16:49, EXEC, v:1, k:eval1@mumia, mode:FULL, rate:0, size:13
2026-04-13 17:18:12, EXEC, v:1, k:eval1@mumia, mode:FULL, rate:22, size:18
2026-04-13 17:18:22, MOVE, v:1, k:eval1@mumia, mode:EDIT
2026-04-13 17:18:12, MOVE, v:1, k:eval1@mumia, mode:EDIT
2026-04-13 17:18:48, EXEC, v:1, k:eval1@mumia, mode:FULL, rate:44, size:20
2026-04-13 17:20:46, EXEC, v:1, k:eval1@mumia, mode:FULL, rate:66, size:24
2026-04-13 17:20:47, EXEC, v:1, k:eval1@mumia, mode:FULL, rate:66
2026-04-13 17:20:50, EXEC, v:1, k:eval1@mumia, mode:FULL, rate:66
2026-04-13 17:20:51, EXEC, v:1, k:eval1@mumia, mode:FULL, rate:66
2026-04-13 17:20:51, EXEC, v:1, k:eval1@mumia, mode:FULL, rate:66
2026-04-13 17:20:52, EXEC, v:1, k:eval1@mumia, mode:FREE
2026-04-13 17:21:18, EXEC, v:1, k:eval1@mumia, mode:FULL, rate:88, size:24
2026-04-13 17:23:15, MOVE, v:1, k:eval1@mumia, mode:EDIT
2026-04-13 17:21:18, MOVE, v:1, k:eval1@mumia, mode:EDIT
2026-04-13 17:24:47, EXEC, v:1, k:eval1@mumia, mode:FULL, rate:100, size:20
2026-04-13 17:24:55, EXEC, v:1, k:eval1@mumia, mode:FULL, rate:100, size:20
2026-04-13 17:25:03, EXEC, v:1, k:eval1@mumia, mode:FULL, rate:100, size:20
2026-04-13 17:25:30, MOVE, v:1, k:eval1@mumia, mode:BACK
2026-04-13 17:25:42, SELF, v:1, k:eval1@mumia, self:1, rate:100
2026-04-13 17:26:18, MOVE, v:1, k:eval1@monica, mode:DOWN
2026-04-13 17:26:19, MOVE, v:1, k:eval1@monica, mode:PICK
2026-04-13 17:26:21, EXEC, v:1, k:eval1@monica, mode:FULL, rate:0, size:5
2026-04-13 17:25:01, MOVE, v:1, k:eval1@mumia, mode:EDIT
2026-04-13 17:25:03, MOVE, v:1, k:eval1@mumia, mode:EDIT
2026-04-13 17:26:18, MOVE, v:1, k:eval1@monica, mode:EDIT
2026-04-13 17:26:25, MOVE, v:1, k:eval1@monica, mode:EDIT
2026-04-13 17:26:20, MOVE, v:1, k:eval1@monica, mode:EDIT
2026-04-13 17:29:49, MOVE, v:1, k:eval1@monica, mode:EDIT
2026-04-13 17:37:45, MOVE, v:1, k:eval1@monica, mode:EDIT
2026-04-13 17:39:40, EXEC, v:1, k:eval1@monica, mode:FULL, rate:0, size:11
2026-04-13 17:41:45, MOVE, v:1, k:eval1@monica, mode:BACK
2026-04-13 17:41:49, MOVE, v:1, k:eval1@monica, mode:PICK
2026-04-13 17:41:50, EXEC, v:1, k:eval1@monica, mode:FULL, size:11, fail:COMP
2026-04-13 17:41:52, MOVE, v:1, k:eval1@monica, mode:BACK
2026-04-13 17:42:25, SELF, v:1, k:eval1@mumia, self:1, rate:100, study:40
2026-04-13 17:42:28, MOVE, v:1, k:eval1@monica, mode:PICK
2026-04-13 17:42:28, EXEC, v:1, k:eval1@monica, mode:FULL, fail:COMP
2026-04-13 17:42:28, EXEC, v:1, k:eval1@monica, mode:FULL, fail:COMP
2026-04-13 17:41:38, MOVE, v:1, k:eval1@monica, mode:EDIT
2026-04-13 17:39:40, MOVE, v:1, k:eval1@monica, mode:EDIT
2026-04-13 17:44:44, EXEC, v:1, k:eval1@monica, mode:FULL, rate:0, size:11
2026-04-13 17:45:12, EXEC, v:1, k:eval1@monica, mode:FULL, rate:0, size:11
2026-04-13 17:45:30, EXEC, v:1, k:eval1@monica, mode:FULL, rate:0, size:11
2026-04-13 17:45:38, EXEC, v:1, k:eval1@monica, mode:FULL, size:11, fail:COMP
2026-04-13 17:45:40, EXEC, v:1, k:eval1@monica, mode:FREE, size:11
2026-04-13 17:45:51, EXEC, v:1, k:eval1@monica, mode:FULL, rate:0
2026-04-13 17:46:16, EXEC, v:1, k:eval1@monica, mode:FULL, rate:0, size:11
2026-04-13 17:46:47, MOVE, v:1, k:eval1@monica, mode:PICK
2026-04-13 17:46:51, EXEC, v:1, k:eval1@monica, mode:FULL, rate:0, size:11
2026-04-13 17:47:13, EXEC, v:1, k:eval1@monica, mode:FULL, rate:0, size:11
2026-04-13 17:50:25, EXEC, v:1, k:eval1@monica, mode:FULL, rate:0, size:11
2026-04-13 17:51:03, EXEC, v:1, k:eval1@monica, mode:FULL, size:11, fail:COMP
2026-04-13 17:51:04, EXEC, v:1, k:eval1@monica, mode:FULL, fail:COMP
2026-04-13 17:51:07, EXEC, v:1, k:eval1@monica, mode:FULL, fail:COMP
2026-04-13 17:51:08, EXEC, v:1, k:eval1@monica, mode:FULL, fail:COMP
2026-04-13 17:51:21, EXEC, v:1, k:eval1@monica, mode:FULL, rate:0, size:11
2026-04-13 17:51:21, MOVE, v:1, k:eval1@monica, mode:EDIT
2026-04-13 17:51:30, MOVE, v:1, k:eval1@monica, mode:EDIT
2026-04-13 17:51:36, EXEC, v:1, k:eval1@monica, mode:FULL, rate:0, size:11
2026-04-13 17:51:50, EXEC, v:1, k:eval1@monica, mode:FULL, rate:0
2026-04-13 17:53:55, EXEC, v:1, k:eval1@monica, mode:FULL, rate:0, size:11
2026-04-13 17:54:15, EXEC, v:1, k:eval1@monica, mode:FULL, rate:0
2026-04-13 17:54:32, EXEC, v:1, k:eval1@monica, mode:FULL, rate:0, size:11
2026-04-13 17:54:45, MOVE, v:1, k:eval1@monica, mode:PICK
2026-04-13 17:54:47, EXEC, v:1, k:eval1@monica, mode:FULL, rate:0
2026-04-13 17:55:04, EXEC, v:1, k:eval1@monica, mode:FULL, rate:0, size:11
2026-04-13 17:56:45, MOVE, v:1, k:eval1@monica, mode:BACK
2026-04-13 17:56:48, MOVE, v:1, k:eval1@pares, mode:PICK
2026-04-13 17:56:50, EXEC, v:1, k:eval1@pares, mode:FULL, rate:0, size:5
2026-04-13 17:55:04, MOVE, v:1, k:eval1@monica, mode:EDIT
2026-04-13 17:55:03, MOVE, v:1, k:eval1@monica, mode:EDIT
2026-04-13 17:56:49, MOVE, v:1, k:eval1@pares, mode:EDIT
2026-04-13 17:59:38, MOVE, v:1, k:eval1@pares, mode:EDIT
2026-04-13 18:02:38, EXEC, v:1, k:eval1@pares, mode:FULL, size:12, fail:COMP
2026-04-13 18:02:57, EXEC, v:1, k:eval1@pares, mode:FULL, rate:14, size:12
2026-04-13 18:03:18, EXEC, v:1, k:eval1@pares, mode:FULL, rate:14, size:12
2026-04-13 18:03:17, MOVE, v:1, k:eval1@pares, mode:EDIT
2026-04-13 18:03:18, MOVE, v:1, k:eval1@pares, mode:EDIT
2026-04-13 18:06:14, MOVE, v:1, k:eval1@pares, mode:BACK
2026-04-13 18:06:25, MOVE, v:1, k:eval1@ceu, mode:DOWN
2026-04-13 18:06:26, MOVE, v:1, k:eval1@ceu, mode:PICK
2026-04-13 18:06:36, EXEC, v:1, k:eval1@ceu, mode:FULL, rate:0, size:5
2026-04-13 18:06:42, EXEC, v:1, k:eval1@ceu, mode:FULL, rate:0
2026-04-13 18:07:54, MOVE, v:1, k:eval1@ceu, mode:BACK
2026-04-13 18:09:04, SELF, v:1, k:eval1@mumia, self:1, rate:100, study:30
2026-04-13 18:09:09, MOVE, v:1, k:eval1@bala, mode:DOWN
2026-04-13 18:09:10, MOVE, v:1, k:eval1@bala, mode:PICK
2026-04-13 18:09:11, EXEC, v:1, k:eval1@bala, mode:FULL, rate:0, size:5
2026-04-13 18:06:41, MOVE, v:1, k:eval1@ceu, mode:EDIT
2026-04-13 18:06:25, MOVE, v:1, k:eval1@ceu, mode:EDIT
2026-04-13 18:09:18, MOVE, v:1, k:eval1@ceu, mode:EDIT
2026-04-13 18:06:31, MOVE, v:1, k:eval1@monica, mode:EDIT
2026-04-13 18:06:42, MOVE, v:1, k:eval1@ceu, mode:EDIT
2026-04-13 18:09:09, MOVE, v:1, k:eval1@bala, mode:EDIT
2026-04-13 18:09:09, MOVE, v:1, k:eval1@bala, mode:EDIT
2026-04-13 18:09:09, MOVE, v:1, k:eval1@bala, mode:EDIT
2026-04-13 18:09:11, MOVE, v:1, k:eval1@bala, mode:EDIT
2026-04-13 18:14:14, EXEC, v:1, k:eval1@bala, mode:FULL, rate:100, size:13
2026-04-13 18:14:19, MOVE, v:1, k:eval1@bala, mode:BACK
2026-04-13 18:14:29, SELF, v:1, k:eval1@bala, self:1, rate:100
2026-04-13 18:14:13, MOVE, v:1, k:eval1@bala, mode:EDIT
2026-04-13 18:14:14, MOVE, v:1, k:eval1@bala, mode:EDIT
2026-04-13 18:14:55, MOVE, v:1, k:eval1@monica, mode:PICK
2026-04-13 18:14:56, EXEC, v:1, k:eval1@monica, mode:FULL, rate:0, size:12
2026-04-13 18:17:14, MOVE, v:1, k:eval1@monica, mode:BACK
