2026-03-16 16:32:09, MOVE, v:1, k:fub@resto, mode:PICK
2026-03-16 16:32:11, EXEC, v:1, k:fub@resto, mode:FULL, rate:0
2026-03-16 16:33:45, EXEC, v:1, k:fub@resto, mode:FULL, rate:0, size:7
2026-03-16 16:33:55, EXEC, v:1, k:fub@resto, mode:FULL, rate:0, size:7
2026-03-16 16:35:17, EXEC, v:1, k:fub@resto, mode:FULL, rate:0, size:7
2026-03-16 16:35:20, EXEC, v:1, k:fub@resto, mode:FULL, rate:0
2026-03-16 16:35:28, EXEC, v:1, k:fub@resto, mode:FULL, rate:0, size:7
2026-03-16 16:35:38, EXEC, v:1, k:fub@resto, mode:FULL, rate:0, size:7
2026-03-16 16:35:55, EXEC, v:1, k:fub@resto, mode:FULL, rate:0, size:7
2026-03-16 16:36:01, EXEC, v:1, k:fub@resto, mode:FULL, rate:0, size:7
2026-03-16 16:36:10, EXEC, v:1, k:fub@resto, mode:FULL, rate:0, size:7
2026-03-16 16:36:16, EXEC, v:1, k:fub@resto, mode:FULL, rate:0, size:7
2026-03-16 16:38:13, EXEC, v:1, k:fub@resto, mode:FULL, rate:0, size:7
2026-03-16 16:38:32, EXEC, v:1, k:fub@resto, mode:FULL, rate:0
2026-03-16 16:39:13, MOVE, v:1, k:fub@resto, mode:BACK
2026-03-16 17:49:37, MOVE, v:1, k:fub@resto, mode:PICK
2026-03-16 17:49:38, EXEC, v:1, k:fub@resto, mode:FULL, rate:0
2026-03-16 17:49:40, EXEC, v:1, k:fub@resto, mode:FULL, rate:0
2026-03-16 17:49:40, EXEC, v:1, k:fub@resto, mode:FULL, rate:0
2026-03-16 17:49:41, EXEC, v:1, k:fub@resto, mode:FULL, rate:0
2026-03-16 17:49:42, EXEC, v:1, k:fub@resto, mode:FULL, rate:0
2026-03-16 17:49:42, EXEC, v:1, k:fub@resto, mode:FULL, rate:0
2026-03-16 17:49:43, EXEC, v:1, k:fub@resto, mode:FULL, rate:0
2026-03-16 17:49:43, EXEC, v:1, k:fub@resto, mode:FULL, rate:0
2026-03-16 17:49:44, EXEC, v:1, k:fub@resto, mode:FULL, rate:0
2026-03-16 17:50:23, EXEC, v:1, k:fub@resto, mode:FULL, rate:0
2026-03-16 17:50:30, EXEC, v:1, k:fub@resto, mode:FULL, rate:0, size:7
2026-03-16 17:50:32, EXEC, v:1, k:fub@resto, mode:FULL, rate:0
2026-03-16 17:50:38, EXEC, v:1, k:fub@resto, mode:FULL, rate:0, size:7
2026-03-16 17:50:44, EXEC, v:1, k:fub@resto, mode:FULL, size:7, fail:COMP
2026-03-16 17:50:48, MOVE, v:1, k:fub@resto, mode:BACK
2026-03-16 17:50:50, MOVE, v:1, k:fub@resto, mode:PICK
2026-03-16 17:50:52, EXEC, v:1, k:fub@resto, mode:FULL, rate:0, size:7
2026-03-16 17:51:04, EXEC, v:1, k:fub@resto, mode:FULL, rate:0, size:7
2026-03-16 17:51:11, EXEC, v:1, k:fub@resto, mode:FULL, rate:0, size:7
2026-03-16 17:51:23, EXEC, v:1, k:fub@resto, mode:FREE
2026-03-16 17:52:44, EXEC, v:1, k:fub@resto, mode:FULL, rate:0
2026-03-16 17:57:09, EXEC, v:1, k:fub@resto, mode:FULL, rate:0, size:7
2026-03-16 17:58:30, EXEC, v:1, k:fub@resto, mode:FULL, rate:0, size:7
2026-03-16 18:02:15, EXEC, v:1, k:fub@resto, mode:FULL, rate:100, size:7
2026-03-16 18:03:17, EXEC, v:1, k:fub@resto, mode:FULL, rate:100
2026-03-16 18:03:24, EXEC, v:1, k:fub@resto, mode:FULL, rate:100
2026-03-16 18:03:41, MOVE, v:1, k:fub@resto, mode:BACK
2026-03-16 18:05:01, SELF, v:1, k:fub@resto, self:1, rate:100, guided:1, code:1, debug:1
2026-03-16 18:05:07, MOVE, v:1, k:fub@media, mode:PICK
2026-03-16 18:05:08, EXEC, v:1, k:fub@media, mode:FULL, rate:0, size:7
