2026-05-25 21:43:51, MOVE, v:1, k:fub@leds, mode:DOWN
2026-05-25 21:43:51, MOVE, v:1, k:fub@leds, mode:PICK
2026-05-25 21:43:54, EXEC, v:1, k:fub@leds, mode:FULL, rate:0, size:5
2026-05-25 21:43:51, MOVE, v:1, k:fub@leds, mode:EDIT
2026-05-25 21:43:51, MOVE, v:1, k:fub@leds, mode:EDIT
2026-05-25 21:47:49, MOVE, v:1, k:fub@leds, mode:EDIT
2026-05-25 21:43:54, MOVE, v:1, k:fub@leds, mode:EDIT
2026-05-25 21:52:09, EXEC, v:1, k:fub@leds, mode:FULL, rate:100, size:19
2026-05-25 21:52:13, MOVE, v:1, k:fub@leds, mode:BACK
2026-05-25 21:52:41, SELF, v:1, k:fub@leds, self:1, rate:100, study:10, concept:1
2026-05-25 21:52:54, MOVE, v:1, k:fub@ru, mode:DOWN
2026-05-25 21:52:55, MOVE, v:1, k:fub@ru, mode:PICK
2026-05-25 21:52:56, EXEC, v:1, k:fub@ru, mode:FULL, rate:0, size:5
2026-05-25 21:52:05, MOVE, v:1, k:fub@leds, mode:EDIT
2026-05-25 21:52:09, MOVE, v:1, k:fub@leds, mode:EDIT
2026-05-25 21:52:54, MOVE, v:1, k:fub@ru, mode:EDIT
2026-05-25 21:52:54, MOVE, v:1, k:fub@ru, mode:EDIT
2026-05-25 21:52:54, MOVE, v:1, k:fub@ru, mode:EDIT
2026-05-25 21:52:56, MOVE, v:1, k:fub@ru, mode:EDIT
2026-05-25 21:58:15, MOVE, v:1, k:fub@ru, mode:EDIT
2026-05-25 21:59:45, EXEC, v:1, k:fub@ru, mode:FULL, rate:0, size:21
2026-05-25 22:00:28, EXEC, v:1, k:fub@ru, mode:FULL, rate:100, size:26
2026-05-25 22:00:31, MOVE, v:1, k:fub@ru, mode:BACK
2026-05-25 22:01:35, SELF, v:1, k:fub@ru, self:1, rate:100, study:15, concept:1, refactor:1
2026-05-25 22:01:38, MOVE, v:1, k:fub@gritando, mode:DOWN
2026-05-25 22:01:38, MOVE, v:1, k:fub@gritando, mode:PICK
2026-05-25 22:01:39, EXEC, v:1, k:fub@gritando, mode:FULL, rate:0, size:5
2026-05-25 22:00:27, MOVE, v:1, k:fub@ru, mode:EDIT
2026-05-25 22:00:28, MOVE, v:1, k:fub@ru, mode:EDIT
2026-05-25 22:01:38, MOVE, v:1, k:fub@gritando, mode:EDIT
2026-05-25 22:01:38, MOVE, v:1, k:fub@gritando, mode:EDIT
2026-05-25 22:01:39, MOVE, v:1, k:fub@gritando, mode:EDIT
2026-05-25 22:20:32, EXEC, v:1, k:fub@gritando, mode:FULL, rate:100, size:24
2026-05-25 22:20:33, MOVE, v:1, k:fub@gritando, mode:BACK
2026-05-25 22:20:39, MOVE, v:1, k:fub@amora, mode:DOWN
2026-05-25 22:20:40, MOVE, v:1, k:fub@amora, mode:PICK
2026-05-25 22:20:41, EXEC, v:1, k:fub@amora, mode:FULL, rate:0, size:5
2026-05-25 22:20:30, MOVE, v:1, k:fub@gritando, mode:EDIT
2026-05-25 22:20:31, MOVE, v:1, k:fub@gritando, mode:EDIT
2026-05-25 22:20:39, MOVE, v:1, k:fub@amora, mode:EDIT
2026-05-25 22:20:39, MOVE, v:1, k:fub@amora, mode:EDIT
2026-05-25 22:20:39, MOVE, v:1, k:fub@amora, mode:EDIT
2026-05-25 22:20:41, MOVE, v:1, k:fub@amora, mode:EDIT
2026-05-25 22:46:43, EXEC, v:1, k:fub@amora, mode:FULL, rate:100, size:20
2026-05-25 22:46:44, MOVE, v:1, k:fub@amora, mode:BACK
2026-05-25 22:46:51, SELF, v:1, k:fub@amora, self:1, rate:100, concept:1
2026-05-25 22:46:56, MOVE, v:1, k:fub@traficantes, mode:DOWN
2026-05-25 22:46:57, MOVE, v:1, k:fub@traficantes, mode:PICK
2026-05-25 22:47:33, MOVE, v:1, k:fub@traficantes, mode:PICK
2026-05-25 22:47:34, EXEC, v:1, k:fub@traficantes, mode:FULL, rate:0, size:5
2026-05-25 22:47:34, MOVE, v:1, k:fub@traficantes, mode:EDIT
2026-05-25 23:10:27, EXEC, v:1, k:fub@traficantes, mode:FULL, rate:100, size:34
2026-05-25 23:10:29, MOVE, v:1, k:fub@traficantes, mode:BACK
2026-05-25 23:10:38, SELF, v:1, k:fub@traficantes, self:1, rate:100, concept:1, refactor:1
2026-05-25 23:10:44, MOVE, v:1, k:fub@fresco, mode:DOWN
2026-05-25 23:10:44, MOVE, v:1, k:fub@fresco, mode:PICK
2026-05-25 23:10:45, EXEC, v:1, k:fub@fresco, mode:FULL, rate:0, size:5
2026-05-25 23:10:26, MOVE, v:1, k:fub@traficantes, mode:EDIT
2026-05-25 23:10:27, MOVE, v:1, k:fub@traficantes, mode:EDIT
2026-05-25 23:10:44, MOVE, v:1, k:fub@fresco, mode:EDIT
2026-05-25 23:10:44, MOVE, v:1, k:fub@fresco, mode:EDIT
2026-05-25 23:10:44, MOVE, v:1, k:fub@fresco, mode:EDIT
2026-05-25 23:10:45, MOVE, v:1, k:fub@fresco, mode:EDIT
2026-05-25 23:30:01, EXEC, v:1, k:fub@fresco, mode:FULL, rate:75, size:40
2026-05-25 23:30:37, EXEC, v:1, k:fub@fresco, mode:FULL, rate:100, size:43
2026-05-25 23:30:38, MOVE, v:1, k:fub@fresco, mode:BACK
2026-05-25 23:30:43, SELF, v:1, k:fub@fresco, self:1, rate:100
2026-05-25 23:30:47, MOVE, v:1, k:fub@gamados, mode:DOWN
2026-05-25 23:30:48, MOVE, v:1, k:fub@gamados, mode:PICK
2026-05-25 23:30:49, EXEC, v:1, k:fub@gamados, mode:FULL, rate:0, size:5
2026-05-25 23:30:36, MOVE, v:1, k:fub@fresco, mode:EDIT
2026-05-25 23:30:37, MOVE, v:1, k:fub@fresco, mode:EDIT
2026-05-25 23:30:47, MOVE, v:1, k:fub@gamados, mode:EDIT
2026-05-25 23:30:47, MOVE, v:1, k:fub@gamados, mode:EDIT
2026-05-25 23:30:49, MOVE, v:1, k:fub@gamados, mode:EDIT
2026-05-25 23:54:09, EXEC, v:1, k:fub@gamados, mode:FULL, rate:100, size:26
2026-05-25 23:54:10, MOVE, v:1, k:fub@gamados, mode:BACK
2026-05-25 23:54:19, SELF, v:1, k:fub@gamados, self:1, rate:100, concept:1, refactor:1
2026-05-25 23:54:23, MOVE, v:1, k:fub@mario, mode:DOWN
2026-05-25 23:54:23, MOVE, v:1, k:fub@mario, mode:PICK
2026-05-25 23:54:24, EXEC, v:1, k:fub@mario, mode:FULL, rate:0, size:5
2026-05-25 23:54:08, MOVE, v:1, k:fub@gamados, mode:EDIT
2026-05-25 23:54:09, MOVE, v:1, k:fub@gamados, mode:EDIT
2026-05-25 23:54:23, MOVE, v:1, k:fub@mario, mode:EDIT
2026-05-25 23:54:24, MOVE, v:1, k:fub@mario, mode:EDIT
