2026-05-23 02:29:12, MOVE, v:1, k:fub@colorido, mode:PICK
2026-05-23 02:29:14, EXEC, v:1, k:fub@colorido, mode:FULL, rate:100
2026-05-23 02:29:15, MOVE, v:1, k:fub@colorido, mode:BACK
2026-05-23 02:29:21, MOVE, v:1, k:fub@concentra, mode:DOWN
2026-05-23 02:29:22, MOVE, v:1, k:fub@concentra, mode:PICK
2026-05-23 02:29:23, EXEC, v:1, k:fub@concentra, mode:FULL, rate:0, size:5
2026-05-23 02:30:45, MOVE, v:1, k:fub@concentra, mode:BACK
2026-05-23 02:31:11, MOVE, v:1, k:fub@concentra, mode:PICK
2026-05-23 02:31:12, EXEC, v:1, k:fub@concentra, mode:FULL, rate:0
2026-05-23 02:33:45, EXEC, v:1, k:fub@concentra, mode:FULL, size:14, fail:COMP
2026-05-23 02:34:01, EXEC, v:1, k:fub@concentra, mode:FULL, rate:0, size:21
2026-05-23 02:34:10, EXEC, v:1, k:fub@concentra, mode:FULL, rate:0, size:21
2026-05-23 02:34:23, EXEC, v:1, k:fub@concentra, mode:FULL, rate:100, size:21
2026-05-23 02:34:25, MOVE, v:1, k:fub@concentra, mode:BACK
2026-05-23 02:34:44, SELF, v:1, k:fub@concentra, self:1, rate:100, study:10, concept:1
2026-05-23 02:34:47, MOVE, v:1, k:fub@fuga, mode:DOWN
2026-05-23 02:34:48, MOVE, v:1, k:fub@fuga, mode:PICK
2026-05-23 02:34:52, EXEC, v:1, k:fub@fuga, mode:FULL, rate:0, size:5
2026-05-23 02:34:23, MOVE, v:1, k:fub@concentra, mode:EDIT
2026-05-23 02:34:22, MOVE, v:1, k:fub@concentra, mode:EDIT
2026-05-23 02:34:47, MOVE, v:1, k:fub@fuga, mode:EDIT
2026-05-23 02:34:47, MOVE, v:1, k:fub@fuga, mode:EDIT
2026-05-23 02:34:47, MOVE, v:1, k:fub@fuga, mode:EDIT
2026-05-23 02:34:52, MOVE, v:1, k:fub@fuga, mode:EDIT
2026-05-23 02:38:35, EXEC, v:1, k:fub@fuga, mode:FULL, rate:100, size:15
2026-05-23 02:38:36, MOVE, v:1, k:fub@fuga, mode:BACK
2026-05-23 02:38:47, SELF, v:1, k:fub@fuga, self:1, rate:100, study:10, concept:1, refactor:1
2026-05-23 02:39:07, MOVE, v:1, k:fub@lotado, mode:DOWN
2026-05-23 02:39:09, MOVE, v:1, k:fub@lotado, mode:PICK
2026-05-23 02:39:14, EXEC, v:1, k:fub@lotado, mode:FULL, rate:0, size:5
2026-05-23 02:38:31, MOVE, v:1, k:fub@fuga, mode:EDIT
2026-05-23 02:38:35, MOVE, v:1, k:fub@fuga, mode:EDIT
2026-05-23 02:39:07, MOVE, v:1, k:fub@lotado, mode:EDIT
2026-05-23 02:39:07, MOVE, v:1, k:fub@lotado, mode:EDIT
2026-05-23 02:39:13, MOVE, v:1, k:fub@lotado, mode:EDIT
2026-05-23 02:43:53, EXEC, v:1, k:fub@lotado, mode:FULL, size:20, fail:COMP
2026-05-23 02:44:13, EXEC, v:1, k:fub@lotado, mode:FULL, rate:0, size:24
2026-05-23 02:44:09, MOVE, v:1, k:fub@lotado, mode:EDIT
2026-05-23 02:44:10, MOVE, v:1, k:fub@lotado, mode:EDIT
2026-05-23 11:13:08, MOVE, v:1, k:fub@lotado, mode:PICK
2026-05-23 11:13:17, EXEC, v:1, k:fub@lotado, mode:FULL, rate:0
2026-05-23 11:13:19, EXEC, v:1, k:fub@lotado, mode:FULL, rate:0
2026-05-23 11:14:34, EXEC, v:1, k:fub@lotado, mode:FULL, rate:0
2026-05-23 11:15:00, EXEC, v:1, k:fub@lotado, mode:FULL, rate:100, size:24
2026-05-23 11:15:01, MOVE, v:1, k:fub@lotado, mode:BACK
2026-05-23 11:15:10, SELF, v:1, k:fub@lotado, self:1, rate:100, study:10
2026-05-23 11:15:33, MOVE, v:1, k:fub@spok, mode:DOWN
2026-05-23 11:15:33, MOVE, v:1, k:fub@spok, mode:PICK
2026-05-23 11:15:35, EXEC, v:1, k:fub@spok, mode:FULL, rate:0, size:5
2026-05-23 11:15:00, MOVE, v:1, k:fub@lotado, mode:EDIT
2026-05-23 11:14:58, MOVE, v:1, k:fub@lotado, mode:EDIT
2026-05-23 11:15:33, MOVE, v:1, k:fub@spok, mode:EDIT
2026-05-23 11:15:33, MOVE, v:1, k:fub@spok, mode:EDIT
2026-05-23 11:17:22, MOVE, v:1, k:fub@spok, mode:EDIT
2026-05-23 11:15:35, MOVE, v:1, k:fub@spok, mode:EDIT
2026-05-23 11:19:22, EXEC, v:1, k:fub@spok, mode:FULL, size:20, fail:COMP
2026-05-23 11:19:43, EXEC, v:1, k:fub@spok, mode:FULL, size:20, fail:COMP
2026-05-23 11:19:56, EXEC, v:1, k:fub@spok, mode:FULL, rate:100, size:23
2026-05-23 11:20:00, MOVE, v:1, k:fub@spok, mode:BACK
2026-05-23 11:20:45, SELF, v:1, k:fub@spok, self:1, rate:100, study:10, concept:1
2026-05-23 11:20:49, MOVE, v:1, k:fub@spok, mode:PICK
2026-05-23 11:20:51, EXEC, v:1, k:fub@spok, mode:FULL, rate:100
2026-05-23 11:21:02, MOVE, v:1, k:fub@spok, mode:BACK
2026-05-23 11:21:11, MOVE, v:1, k:fub@sapinho, mode:DOWN
2026-05-23 11:21:14, MOVE, v:1, k:fub@sapinho, mode:PICK
2026-05-23 11:21:16, EXEC, v:1, k:fub@sapinho, mode:FULL, rate:0, size:5
2026-05-23 11:19:52, MOVE, v:1, k:fub@spok, mode:EDIT
2026-05-23 11:20:51, MOVE, v:1, k:fub@spok, mode:EDIT
2026-05-23 11:21:11, MOVE, v:1, k:fub@sapinho, mode:EDIT
2026-05-23 11:21:11, MOVE, v:1, k:fub@sapinho, mode:EDIT
2026-05-23 11:21:16, MOVE, v:1, k:fub@sapinho, mode:EDIT
2026-05-23 11:24:59, EXEC, v:1, k:fub@sapinho, mode:FULL, rate:0, size:18
2026-05-23 11:27:19, MOVE, v:1, k:fub@sapinho, mode:EDIT
2026-05-23 11:24:59, MOVE, v:1, k:fub@sapinho, mode:EDIT
2026-05-23 11:29:02, EXEC, v:1, k:fub@sapinho, mode:FULL, rate:0, size:18
2026-05-23 11:29:03, EXEC, v:1, k:fub@sapinho, mode:FULL, rate:0
2026-05-23 11:29:36, EXEC, v:1, k:fub@sapinho, mode:FULL, rate:0, size:20
2026-05-23 11:30:13, EXEC, v:1, k:fub@sapinho, mode:FULL, rate:0, size:18
2026-05-23 11:30:52, EXEC, v:1, k:fub@sapinho, mode:FULL, rate:100, size:15
2026-05-23 11:30:53, MOVE, v:1, k:fub@sapinho, mode:BACK
2026-05-23 11:31:06, SELF, v:1, k:fub@sapinho, self:1, rate:100, study:15, concept:1
2026-05-23 11:31:13, MOVE, v:1, k:fub@fatores, mode:DOWN
2026-05-23 11:31:22, MOVE, v:1, k:fub@fatores, mode:PICK
2026-05-23 11:31:24, EXEC, v:1, k:fub@fatores, mode:FULL, rate:0, size:5
2026-05-23 11:30:51, MOVE, v:1, k:fub@sapinho, mode:EDIT
2026-05-23 11:30:50, MOVE, v:1, k:fub@sapinho, mode:EDIT
2026-05-23 11:31:13, MOVE, v:1, k:fub@fatores, mode:EDIT
2026-05-23 11:31:13, MOVE, v:1, k:fub@fatores, mode:EDIT
2026-05-23 11:31:13, MOVE, v:1, k:fub@fatores, mode:EDIT
2026-05-23 11:31:23, MOVE, v:1, k:fub@fatores, mode:EDIT
2026-05-23 11:37:21, MOVE, v:1, k:fub@fatores, mode:EDIT
2026-05-23 15:38:49, MOVE, v:1, k:fub@fatores, mode:PICK
2026-05-23 15:38:50, EXEC, v:1, k:fub@fatores, mode:FULL, size:6, fail:COMP
2026-05-23 15:39:03, EXEC, v:1, k:fub@fatores, mode:FULL, rate:100, size:25
2026-05-23 15:39:05, MOVE, v:1, k:fub@fatores, mode:BACK
2026-05-23 15:39:16, SELF, v:1, k:fub@fatores, self:1, rate:100, study:10, concept:1
2026-05-23 15:40:25, SELF, v:1, k:fub@abs, self:1, rate:100
2026-05-23 15:40:38, SELF, v:1, k:fub@calc, self:1, rate:100
2026-05-23 15:40:46, SELF, v:1, k:fub@guarda, self:1, rate:100
2026-05-23 15:40:57, SELF, v:1, k:fub@round, self:1, rate:100
2026-05-23 15:41:14, SELF, v:1, k:fub@bhaskara, self:1, rate:100
