2026-04-07 17:20:47, MOVE, v:1, k:fub@calc, mode:PICK
2026-04-07 17:20:49, EXEC, v:1, k:fub@calc, mode:FULL, size:11, fail:COMP
2026-04-07 17:31:02, EXEC, v:1, k:fub@calc, mode:FULL, fail:COMP
2026-04-07 17:31:03, EXEC, v:1, k:fub@calc, mode:FULL, fail:COMP
2026-04-07 17:39:35, MOVE, v:1, k:fub@calc, mode:BACK
2026-04-07 17:40:31, MOVE, v:1, k:fub@calc, mode:PICK
2026-04-07 17:40:33, EXEC, v:1, k:fub@calc, mode:FULL, fail:COMP
2026-04-07 17:45:49, EXEC, v:1, k:fub@calc, mode:FULL, size:11, fail:COMP
2026-04-07 17:46:18, EXEC, v:1, k:fub@calc, mode:FULL, size:11, fail:COMP
2026-04-07 17:46:57, EXEC, v:1, k:fub@calc, mode:FULL, rate:0, size:11
2026-04-07 17:47:30, EXEC, v:1, k:fub@calc, mode:FULL, rate:0, size:13
2026-04-07 17:48:29, EXEC, v:1, k:fub@calc, mode:FULL, rate:0, size:13
2026-04-07 17:50:00, EXEC, v:1, k:fub@calc, mode:FULL, rate:0, size:13
2026-04-07 17:50:11, EXEC, v:1, k:fub@calc, mode:FULL, rate:22, size:13
2026-04-07 17:50:18, EXEC, v:1, k:fub@calc, mode:FULL, rate:0, size:13
2026-04-07 17:50:18, MOVE, v:1, k:fub@calc, mode:EDIT
2026-04-07 17:50:18, MOVE, v:1, k:fub@calc, mode:EDIT
2026-04-07 17:54:24, EXEC, v:1, k:fub@calc, mode:FULL, rate:33, size:14
2026-04-07 17:55:33, MOVE, v:1, k:fub@calc, mode:EDIT
2026-04-07 17:54:24, MOVE, v:1, k:fub@calc, mode:EDIT
2026-04-07 17:56:25, EXEC, v:1, k:fub@calc, mode:FULL, rate:44, size:17
2026-04-07 17:57:13, EXEC, v:1, k:fub@calc, mode:FULL, rate:66, size:20
2026-04-07 17:57:49, EXEC, v:1, k:fub@calc, mode:FULL, rate:100, size:23
2026-04-07 17:59:02, MOVE, v:1, k:fub@calc, mode:EDIT
2026-04-07 17:57:49, MOVE, v:1, k:fub@calc, mode:EDIT
2026-04-07 18:01:43, EXEC, v:1, k:fub@calc, mode:FULL, rate:33, size:29
2026-04-07 18:02:48, EXEC, v:1, k:fub@calc, mode:FULL, rate:44, size:32
2026-04-07 18:02:50, EXEC, v:1, k:fub@calc, mode:FULL, rate:44
2026-04-07 18:03:20, EXEC, v:1, k:fub@calc, mode:FULL, rate:66, size:35
2026-04-07 18:03:36, MOVE, v:1, k:fub@calc, mode:EDIT
2026-04-07 18:03:20, MOVE, v:1, k:fub@calc, mode:EDIT
2026-04-07 18:13:19, EXEC, v:1, k:fub@calc, mode:FULL, rate:100, size:38
2026-04-07 18:13:28, MOVE, v:1, k:fub@calc, mode:BACK
2026-04-07 18:13:31, MOVE, v:1, k:fub@calc, mode:PICK
2026-04-07 18:13:32, MOVE, v:1, k:fub@calc, mode:BACK
2026-04-07 18:13:40, SELF, v:1, k:fub@calc, self:1, rate:100
