2026-05-28 11:32:42, MOVE, v:1, k:fub@valentina, mode:DOWN
2026-05-28 11:32:43, MOVE, v:1, k:fub@valentina, mode:PICK
2026-05-28 11:32:44, EXEC, v:1, k:fub@valentina, mode:FULL, rate:0, size:5
2026-05-28 11:34:29, EXEC, v:1, k:fub@valentina, mode:FULL, rate:100, size:26
2026-05-28 11:34:30, MOVE, v:1, k:fub@valentina, mode:BACK
2026-05-28 11:34:47, SELF, v:1, k:fub@valentina, self:1, rate:100
2026-05-28 11:34:50, MOVE, v:1, k:fub@vcvcvc, mode:DOWN
2026-05-28 11:34:50, MOVE, v:1, k:fub@vcvcvc, mode:PICK
2026-05-28 11:34:51, EXEC, v:1, k:fub@vcvcvc, mode:FULL, rate:0, size:5
2026-05-28 11:33:11, MOVE, v:1, k:fub@valentina, mode:EDIT
2026-05-28 11:32:42, MOVE, v:1, k:fub@valentina, mode:EDIT
2026-05-28 11:34:29, MOVE, v:1, k:fub@valentina, mode:EDIT
2026-05-28 11:34:23, MOVE, v:1, k:fub@valentina, mode:EDIT
2026-05-28 11:34:49, MOVE, v:1, k:fub@vcvcvc, mode:EDIT
2026-05-28 11:34:50, MOVE, v:1, k:fub@vcvcvc, mode:EDIT
2026-05-28 11:37:18, MOVE, v:1, k:fub@vcvcvc, mode:EDIT
2026-05-28 11:34:51, MOVE, v:1, k:fub@vcvcvc, mode:EDIT
2026-05-28 11:41:15, EXEC, v:1, k:fub@vcvcvc, mode:FULL, size:25, fail:COMP
2026-05-28 11:41:29, EXEC, v:1, k:fub@vcvcvc, mode:FULL, rate:0, size:31
2026-05-28 11:41:43, EXEC, v:1, k:fub@vcvcvc, mode:FULL, rate:0, size:32
2026-05-28 11:41:59, MOVE, v:1, k:fub@vcvcvc, mode:PICK
2026-05-28 11:42:00, EXEC, v:1, k:fub@vcvcvc, mode:FULL, rate:0
2026-05-28 11:42:01, EXEC, v:1, k:fub@vcvcvc, mode:FULL, rate:0
2026-05-28 11:42:07, EXEC, v:1, k:fub@vcvcvc, mode:FULL, rate:0, size:32
2026-05-28 11:42:18, EXEC, v:1, k:fub@vcvcvc, mode:FULL, rate:0, size:31
2026-05-28 11:42:31, MOVE, v:1, k:fub@vcvcvc, mode:PICK
2026-05-28 11:42:33, EXEC, v:1, k:fub@vcvcvc, mode:FULL, rate:0
2026-05-28 11:43:10, EXEC, v:1, k:fub@vcvcvc, mode:FULL, rate:100, size:33
2026-05-28 11:43:12, MOVE, v:1, k:fub@vcvcvc, mode:BACK
2026-05-28 11:43:28, SELF, v:1, k:fub@vcvcvc, self:1, rate:100, friend:hanna, concept:1
2026-05-28 11:44:45, MOVE, v:1, k:fub@eribelton, mode:DOWN
2026-05-28 11:44:46, MOVE, v:1, k:fub@eribelton, mode:PICK
2026-05-28 11:44:47, EXEC, v:1, k:fub@eribelton, mode:FULL, rate:0, size:5
2026-05-28 11:43:10, MOVE, v:1, k:fub@vcvcvc, mode:EDIT
2026-05-28 11:43:09, MOVE, v:1, k:fub@vcvcvc, mode:EDIT
2026-05-28 11:44:45, MOVE, v:1, k:fub@eribelton, mode:EDIT
2026-05-28 11:44:45, MOVE, v:1, k:fub@eribelton, mode:EDIT
2026-05-28 11:44:45, MOVE, v:1, k:fub@eribelton, mode:EDIT
2026-05-28 11:44:47, MOVE, v:1, k:fub@eribelton, mode:EDIT
2026-05-28 11:48:38, MOVE, v:1, k:fub@eribelton, mode:BACK
2026-05-28 11:48:53, MOVE, v:1, k:fub@disfarce, mode:DOWN
2026-05-28 11:48:54, MOVE, v:1, k:fub@disfarce, mode:PICK
2026-05-28 11:49:05, EXEC, v:1, k:fub@disfarce, mode:FULL, rate:0, size:5
2026-05-28 11:48:53, MOVE, v:1, k:fub@disfarce, mode:EDIT
2026-05-28 11:48:53, MOVE, v:1, k:fub@disfarce, mode:EDIT
2026-05-28 11:52:21, MOVE, v:1, k:fub@disfarce, mode:EDIT
2026-05-28 11:49:05, MOVE, v:1, k:fub@disfarce, mode:EDIT
2026-05-28 11:57:28, MOVE, v:1, k:fub@disfarce, mode:EDIT
2026-05-28 11:59:39, EXEC, v:1, k:fub@disfarce, mode:FULL, size:43, fail:COMP
2026-05-28 12:00:03, EXEC, v:1, k:fub@disfarce, mode:FULL, rate:100, size:51
2026-05-28 12:00:05, MOVE, v:1, k:fub@disfarce, mode:BACK
2026-05-28 12:00:14, SELF, v:1, k:fub@disfarce, self:1, rate:100, concept:1
2026-05-28 12:00:35, MOVE, v:1, k:fub@chefe, mode:DOWN
2026-05-28 12:00:36, MOVE, v:1, k:fub@chefe, mode:PICK
2026-05-28 12:00:37, EXEC, v:1, k:fub@chefe, mode:FULL, rate:0, size:5
2026-05-28 12:01:17, EXEC, v:1, k:fub@chefe, mode:FULL, rate:100, size:54
2026-05-28 12:01:18, MOVE, v:1, k:fub@chefe, mode:BACK
2026-05-28 12:01:27, SELF, v:1, k:fub@chefe, self:1, rate:100, concept:1
2026-05-28 12:01:29, MOVE, v:1, k:fub@identificando, mode:DOWN
2026-05-28 12:01:30, MOVE, v:1, k:fub@identificando, mode:PICK
2026-05-28 12:01:41, EXEC, v:1, k:fub@identificando, mode:FULL, rate:0, size:5
2026-05-28 12:00:01, MOVE, v:1, k:fub@disfarce, mode:EDIT
2026-05-28 12:00:03, MOVE, v:1, k:fub@disfarce, mode:EDIT
2026-05-28 12:00:35, MOVE, v:1, k:fub@chefe, mode:EDIT
2026-05-28 12:00:35, MOVE, v:1, k:fub@chefe, mode:EDIT
2026-05-28 12:01:16, MOVE, v:1, k:fub@chefe, mode:EDIT
2026-05-28 12:01:17, MOVE, v:1, k:fub@chefe, mode:EDIT
2026-05-28 12:01:29, MOVE, v:1, k:fub@identificando, mode:EDIT
2026-05-28 12:01:29, MOVE, v:1, k:fub@identificando, mode:EDIT
2026-05-28 12:01:29, MOVE, v:1, k:fub@identificando, mode:EDIT
2026-05-28 12:01:41, MOVE, v:1, k:fub@identificando, mode:EDIT
2026-05-28 12:03:06, MOVE, v:1, k:fub@identificando, mode:EDIT
2026-05-28 12:11:16, EXEC, v:1, k:fub@identificando, mode:FULL, rate:100, size:38
2026-05-28 12:11:18, MOVE, v:1, k:fub@identificando, mode:BACK
2026-05-28 12:11:34, SELF, v:1, k:fub@identificando, self:1, rate:100, concept:1
2026-05-28 12:11:36, MOVE, v:1, k:fub@calipso, mode:DOWN
2026-05-28 12:11:37, MOVE, v:1, k:fub@calipso, mode:PICK
2026-05-28 12:11:42, EXEC, v:1, k:fub@calipso, mode:FULL, rate:0, size:5
2026-05-28 12:11:16, MOVE, v:1, k:fub@identificando, mode:EDIT
2026-05-28 12:11:36, MOVE, v:1, k:fub@calipso, mode:EDIT
2026-05-28 12:11:36, MOVE, v:1, k:fub@calipso, mode:EDIT
2026-05-28 12:11:36, MOVE, v:1, k:fub@calipso, mode:EDIT
2026-05-28 12:11:42, MOVE, v:1, k:fub@calipso, mode:EDIT
2026-05-28 12:17:10, MOVE, v:1, k:fub@calipso, mode:EDIT
2026-05-28 12:22:29, MOVE, v:1, k:fub@calipso, mode:EDIT
2026-05-28 12:23:51, EXEC, v:1, k:fub@calipso, mode:FULL, size:40, fail:COMP
2026-05-28 12:24:02, EXEC, v:1, k:fub@calipso, mode:FULL, size:40, fail:COMP
2026-05-28 12:24:03, EXEC, v:1, k:fub@calipso, mode:FULL, fail:COMP
2026-05-28 12:24:25, EXEC, v:1, k:fub@calipso, mode:FULL, rate:100, size:40
2026-05-28 12:24:26, MOVE, v:1, k:fub@calipso, mode:BACK
2026-05-28 12:24:54, SELF, v:1, k:fub@calipso, self:1, rate:100, concept:1
2026-05-28 12:24:56, MOVE, v:1, k:fub@krueguer, mode:DOWN
2026-05-28 12:24:57, MOVE, v:1, k:fub@krueguer, mode:PICK
2026-05-28 12:24:58, EXEC, v:1, k:fub@krueguer, mode:FULL, rate:0, size:5
2026-05-28 12:26:06, MOVE, v:1, k:fub@krueguer, mode:BACK
2026-05-28 12:24:24, MOVE, v:1, k:fub@calipso, mode:EDIT
2026-05-28 12:24:25, MOVE, v:1, k:fub@calipso, mode:EDIT
2026-05-28 12:24:56, MOVE, v:1, k:fub@krueguer, mode:EDIT
2026-05-28 12:24:56, MOVE, v:1, k:fub@krueguer, mode:EDIT
2026-05-28 12:24:56, MOVE, v:1, k:fub@krueguer, mode:EDIT
2026-05-28 12:24:58, MOVE, v:1, k:fub@krueguer, mode:EDIT
2026-05-28 12:28:46, MOVE, v:1, k:fub@krueguer, mode:PICK
2026-05-28 12:30:07, MOVE, v:1, k:fub@krueguer, mode:PICK
2026-05-28 12:30:08, EXEC, v:1, k:fub@krueguer, mode:FULL, rate:0
2026-05-28 12:30:08, MOVE, v:1, k:fub@krueguer, mode:EDIT
2026-05-28 12:30:08, MOVE, v:1, k:fub@krueguer, mode:EDIT
2026-05-28 12:47:16, MOVE, v:1, k:fub@krueguer, mode:EDIT
2026-05-28 12:48:52, MOVE, v:1, k:fub@krueguer, mode:EDIT
2026-05-28 12:52:30, MOVE, v:1, k:fub@krueguer, mode:EDIT
2026-05-28 12:55:02, MOVE, v:1, k:fub@krueguer, mode:EDIT
2026-05-28 12:56:06, EXEC, v:1, k:fub@krueguer, mode:FULL, size:33, fail:COMP
2026-05-28 12:56:19, EXEC, v:1, k:fub@krueguer, mode:FULL, rate:100, size:33
2026-05-28 12:56:21, MOVE, v:1, k:fub@krueguer, mode:BACK
2026-05-28 12:56:37, SELF, v:1, k:fub@krueguer, self:1, rate:100
2026-05-28 12:56:40, MOVE, v:1, k:fub@antimateria, mode:DOWN
2026-05-28 12:56:41, MOVE, v:1, k:fub@antimateria, mode:PICK
2026-05-28 12:56:42, EXEC, v:1, k:fub@antimateria, mode:FULL, rate:0, size:5
2026-05-28 12:56:18, MOVE, v:1, k:fub@krueguer, mode:EDIT
2026-05-28 12:56:19, MOVE, v:1, k:fub@krueguer, mode:EDIT
2026-05-28 12:56:40, MOVE, v:1, k:fub@antimateria, mode:EDIT
2026-05-28 12:56:42, MOVE, v:1, k:fub@antimateria, mode:EDIT
2026-05-28 12:57:26, MOVE, v:1, k:fub@antimateria, mode:EDIT
2026-05-28 12:58:54, EXEC, v:1, k:fub@antimateria, mode:FULL, rate:0, size:37
2026-05-28 12:59:30, EXEC, v:1, k:fub@antimateria, mode:FULL, rate:50, size:37
2026-05-28 12:59:59, EXEC, v:1, k:fub@antimateria, mode:FULL, rate:50, size:33
2026-05-28 12:56:18, MOVE, v:1, k:fub@krueguer, mode:EDIT
2026-05-28 12:56:19, MOVE, v:1, k:fub@krueguer, mode:EDIT
2026-05-28 12:56:40, MOVE, v:1, k:fub@antimateria, mode:EDIT
2026-05-28 12:56:40, MOVE, v:1, k:fub@antimateria, mode:EDIT
2026-05-28 12:59:59, MOVE, v:1, k:fub@antimateria, mode:EDIT
2026-05-28 12:59:58, MOVE, v:1, k:fub@antimateria, mode:EDIT
2026-05-28 13:01:02, EXEC, v:1, k:fub@antimateria, mode:FULL, rate:0, size:23
2026-05-28 13:01:54, EXEC, v:1, k:fub@antimateria, mode:FULL, rate:0, size:31
2026-05-28 13:02:10, EXEC, v:1, k:fub@antimateria, mode:FULL, rate:50, size:37
2026-05-28 13:02:23, MOVE, v:1, k:fub@antimateria, mode:BACK
2026-05-28 13:02:26, MOVE, v:1, k:fub@word, mode:DOWN
2026-05-28 13:02:27, MOVE, v:1, k:fub@word, mode:PICK
2026-05-28 13:02:29, EXEC, v:1, k:fub@word, mode:FULL, rate:0, size:5
2026-05-28 13:02:10, MOVE, v:1, k:fub@antimateria, mode:EDIT
2026-05-28 13:02:09, MOVE, v:1, k:fub@antimateria, mode:EDIT
2026-05-28 13:02:26, MOVE, v:1, k:fub@word, mode:EDIT
2026-05-28 13:02:26, MOVE, v:1, k:fub@word, mode:EDIT
2026-05-28 13:02:29, MOVE, v:1, k:fub@word, mode:EDIT
2026-05-28 13:03:01, EXEC, v:1, k:fub@word, mode:FULL, rate:0, size:54
2026-05-28 13:03:45, EXEC, v:1, k:fub@word, mode:FULL, rate:100, size:58
2026-05-28 13:03:46, MOVE, v:1, k:fub@word, mode:BACK
2026-05-28 13:02:09, MOVE, v:1, k:fub@antimateria, mode:EDIT
2026-05-28 13:02:10, MOVE, v:1, k:fub@antimateria, mode:EDIT
2026-05-28 13:02:26, MOVE, v:1, k:fub@word, mode:EDIT
2026-05-28 13:02:26, MOVE, v:1, k:fub@word, mode:EDIT
2026-05-28 13:03:43, MOVE, v:1, k:fub@word, mode:EDIT
2026-05-28 13:03:45, MOVE, v:1, k:fub@word, mode:EDIT
2026-05-28 13:05:14, MOVE, v:1, k:fub@espacos, mode:DOWN
2026-05-28 13:05:14, MOVE, v:1, k:fub@espacos, mode:PICK
2026-05-28 13:05:16, EXEC, v:1, k:fub@espacos, mode:FULL, rate:0, size:5
2026-05-28 13:05:56, EXEC, v:1, k:fub@espacos, mode:FULL, rate:100, size:19
2026-05-28 13:06:00, MOVE, v:1, k:fub@espacos, mode:BACK
2026-05-28 13:06:09, MOVE, v:1, k:fub@datilografar, mode:DOWN
2026-05-28 13:06:10, MOVE, v:1, k:fub@datilografar, mode:PICK
2026-05-28 13:06:11, EXEC, v:1, k:fub@datilografar, mode:FULL, rate:0, size:5
2026-05-28 13:06:53, EXEC, v:1, k:fub@datilografar, mode:FULL, rate:100, size:34
2026-05-28 13:06:54, MOVE, v:1, k:fub@datilografar, mode:BACK
2026-05-28 13:07:04, SELF, v:1, k:fub@word, self:1, rate:100
2026-05-28 13:07:11, SELF, v:1, k:fub@espacos, self:1, rate:100
2026-05-28 13:07:17, SELF, v:1, k:fub@datilografar, self:1, rate:100
2026-05-28 13:03:43, MOVE, v:1, k:fub@word, mode:EDIT
2026-05-28 13:03:45, MOVE, v:1, k:fub@word, mode:EDIT
2026-05-28 13:05:14, MOVE, v:1, k:fub@espacos, mode:EDIT
2026-05-28 13:05:14, MOVE, v:1, k:fub@espacos, mode:EDIT
2026-05-28 13:05:55, MOVE, v:1, k:fub@espacos, mode:EDIT
2026-05-28 13:05:56, MOVE, v:1, k:fub@espacos, mode:EDIT
2026-05-28 13:06:09, MOVE, v:1, k:fub@datilografar, mode:EDIT
2026-05-28 13:06:09, MOVE, v:1, k:fub@datilografar, mode:EDIT
2026-05-28 13:06:53, MOVE, v:1, k:fub@datilografar, mode:EDIT
2026-05-28 13:06:51, MOVE, v:1, k:fub@datilografar, mode:EDIT
2026-05-28 13:08:25, MOVE, v:1, k:fub@bubula, mode:DOWN
2026-05-28 13:08:25, MOVE, v:1, k:fub@bubula, mode:PICK
2026-05-28 13:08:26, EXEC, v:1, k:fub@bubula, mode:FULL, rate:0, size:5
2026-05-28 13:09:10, EXEC, v:1, k:fub@bubula, mode:FULL, rate:60, size:62
2026-05-28 13:05:14, MOVE, v:1, k:fub@espacos, mode:EDIT
2026-05-28 13:05:14, MOVE, v:1, k:fub@espacos, mode:EDIT
2026-05-28 13:05:56, MOVE, v:1, k:fub@espacos, mode:EDIT
2026-05-28 13:05:55, MOVE, v:1, k:fub@espacos, mode:EDIT
2026-05-28 13:06:09, MOVE, v:1, k:fub@datilografar, mode:EDIT
2026-05-28 13:06:09, MOVE, v:1, k:fub@datilografar, mode:EDIT
2026-05-28 13:06:51, MOVE, v:1, k:fub@datilografar, mode:EDIT
2026-05-28 13:06:53, MOVE, v:1, k:fub@datilografar, mode:EDIT
2026-05-28 13:08:25, MOVE, v:1, k:fub@bubula, mode:EDIT
2026-05-28 13:08:25, MOVE, v:1, k:fub@bubula, mode:EDIT
2026-05-28 13:09:10, MOVE, v:1, k:fub@bubula, mode:EDIT
2026-05-28 13:09:04, MOVE, v:1, k:fub@bubula, mode:EDIT
2026-05-28 13:10:30, EXEC, v:1, k:fub@bubula, mode:FULL, rate:100, size:58
2026-05-28 13:10:32, MOVE, v:1, k:fub@bubula, mode:BACK
2026-05-28 13:11:08, SELF, v:1, k:fub@bubula, self:1, rate:100
2026-05-28 13:11:28, MOVE, v:1, k:fub@ascologia, mode:DOWN
2026-05-28 13:11:29, MOVE, v:1, k:fub@ascologia, mode:PICK
2026-05-28 13:11:31, EXEC, v:1, k:fub@ascologia, mode:FULL, rate:0, size:5
2026-05-28 13:08:25, MOVE, v:1, k:fub@bubula, mode:EDIT
2026-05-28 13:08:25, MOVE, v:1, k:fub@bubula, mode:EDIT
2026-05-28 13:10:29, MOVE, v:1, k:fub@bubula, mode:EDIT
2026-05-28 13:10:30, MOVE, v:1, k:fub@bubula, mode:EDIT
2026-05-28 13:11:28, MOVE, v:1, k:fub@ascologia, mode:EDIT
2026-05-28 13:11:28, MOVE, v:1, k:fub@ascologia, mode:EDIT
2026-05-28 13:11:31, MOVE, v:1, k:fub@ascologia, mode:EDIT
2026-05-28 13:10:29, MOVE, v:1, k:fub@bubula, mode:EDIT
2026-05-28 13:10:30, MOVE, v:1, k:fub@bubula, mode:EDIT
2026-05-28 13:11:28, MOVE, v:1, k:fub@ascologia, mode:EDIT
2026-05-28 13:11:28, MOVE, v:1, k:fub@ascologia, mode:EDIT
2026-05-28 13:11:31, MOVE, v:1, k:fub@ascologia, mode:EDIT
2026-05-28 13:27:13, EXEC, v:1, k:fub@ascologia, mode:FULL, rate:100, size:23
2026-05-28 13:27:15, MOVE, v:1, k:fub@ascologia, mode:BACK
2026-05-28 13:27:28, MOVE, v:1, k:fub@alcaparras, mode:DOWN
2026-05-28 13:27:29, MOVE, v:1, k:fub@alcaparras, mode:PICK
2026-05-28 13:27:31, EXEC, v:1, k:fub@alcaparras, mode:FULL, rate:0, size:5
2026-05-28 13:27:12, MOVE, v:1, k:fub@ascologia, mode:EDIT
2026-05-28 13:27:13, MOVE, v:1, k:fub@ascologia, mode:EDIT
2026-05-28 13:27:28, MOVE, v:1, k:fub@alcaparras, mode:EDIT
2026-05-28 13:27:28, MOVE, v:1, k:fub@alcaparras, mode:EDIT
2026-05-28 13:27:28, MOVE, v:1, k:fub@alcaparras, mode:EDIT
2026-05-28 13:27:31, MOVE, v:1, k:fub@alcaparras, mode:EDIT
2026-05-28 13:27:12, MOVE, v:1, k:fub@ascologia, mode:EDIT
2026-05-28 13:27:13, MOVE, v:1, k:fub@ascologia, mode:EDIT
2026-05-28 13:27:28, MOVE, v:1, k:fub@alcaparras, mode:EDIT
2026-05-28 13:27:28, MOVE, v:1, k:fub@alcaparras, mode:EDIT
2026-05-28 13:27:28, MOVE, v:1, k:fub@alcaparras, mode:EDIT
2026-05-28 13:27:31, MOVE, v:1, k:fub@alcaparras, mode:EDIT
2026-05-28 13:37:58, EXEC, v:1, k:fub@alcaparras, mode:FULL, rate:25, size:28
2026-05-28 13:39:03, EXEC, v:1, k:fub@alcaparras, mode:FULL, rate:100, size:30
2026-05-28 13:39:05, MOVE, v:1, k:fub@alcaparras, mode:BACK
2026-05-28 13:39:12, SELF, v:1, k:fub@ascologia, self:1, rate:100
2026-05-28 13:39:14, MOVE, v:1, k:fub@alcaparras, mode:PICK
2026-05-28 13:39:15, EXEC, v:1, k:fub@alcaparras, mode:FULL, rate:100
2026-05-28 13:39:15, EXEC, v:1, k:fub@alcaparras, mode:FULL, rate:100
2026-05-28 13:39:16, EXEC, v:1, k:fub@alcaparras, mode:FULL, rate:100
2026-05-28 13:39:17, MOVE, v:1, k:fub@alcaparras, mode:BACK
2026-05-28 13:39:20, SELF, v:1, k:fub@alcaparras, self:1, rate:100
2026-05-28 13:39:02, MOVE, v:1, k:fub@alcaparras, mode:EDIT
2026-05-28 13:39:16, MOVE, v:1, k:fub@alcaparras, mode:EDIT
2026-05-28 13:41:12, MOVE, v:1, k:fub@valdiskley, mode:DOWN
2026-05-28 13:41:13, MOVE, v:1, k:fub@valdiskley, mode:PICK
2026-05-28 13:41:14, EXEC, v:1, k:fub@valdiskley, mode:FULL, rate:0, size:5
2026-05-28 13:39:02, MOVE, v:1, k:fub@alcaparras, mode:EDIT
2026-05-28 13:39:16, MOVE, v:1, k:fub@alcaparras, mode:EDIT
2026-05-28 13:41:12, MOVE, v:1, k:fub@valdiskley, mode:EDIT
2026-05-28 13:41:12, MOVE, v:1, k:fub@valdiskley, mode:EDIT
2026-05-28 13:41:12, MOVE, v:1, k:fub@valdiskley, mode:EDIT
2026-05-28 13:41:14, MOVE, v:1, k:fub@valdiskley, mode:EDIT
2026-05-28 13:41:12, MOVE, v:1, k:fub@valdiskley, mode:EDIT
2026-05-28 13:41:12, MOVE, v:1, k:fub@valdiskley, mode:EDIT
2026-05-28 13:41:12, MOVE, v:1, k:fub@valdiskley, mode:EDIT
2026-05-28 13:41:14, MOVE, v:1, k:fub@valdiskley, mode:EDIT
2026-05-28 13:53:54, EXEC, v:1, k:fub@valdiskley, mode:FULL, rate:100, size:21
2026-05-28 13:53:55, MOVE, v:1, k:fub@valdiskley, mode:BACK
2026-05-28 13:54:01, SELF, v:1, k:fub@valdiskley, self:1, rate:100
2026-05-28 13:54:03, MOVE, v:1, k:fub@avestruz, mode:DOWN
2026-05-28 13:54:04, MOVE, v:1, k:fub@avestruz, mode:PICK
2026-05-28 13:54:34, MOVE, v:1, k:fub@avestruz, mode:PICK
2026-05-28 13:55:38, MOVE, v:1, k:fub@avestruz, mode:PICK
2026-05-28 13:55:39, EXEC, v:1, k:fub@avestruz, mode:FULL, rate:0, size:5
2026-05-28 13:53:52, MOVE, v:1, k:fub@valdiskley, mode:EDIT
2026-05-28 13:53:54, MOVE, v:1, k:fub@valdiskley, mode:EDIT
2026-05-28 13:54:03, MOVE, v:1, k:fub@avestruz, mode:EDIT
2026-05-28 13:54:03, MOVE, v:1, k:fub@avestruz, mode:EDIT
2026-05-28 13:55:39, MOVE, v:1, k:fub@avestruz, mode:EDIT
2026-05-28 13:55:39, MOVE, v:1, k:fub@avestruz, mode:EDIT
2026-05-28 14:06:01, EXEC, v:1, k:fub@avestruz, mode:FULL, rate:100, size:31
2026-05-28 14:06:02, MOVE, v:1, k:fub@avestruz, mode:BACK
2026-05-28 14:06:11, SELF, v:1, k:fub@avestruz, self:1, rate:100
2026-05-28 14:06:00, MOVE, v:1, k:fub@avestruz, mode:EDIT
2026-05-28 14:06:01, MOVE, v:1, k:fub@avestruz, mode:EDIT
2026-05-28 14:06:00, MOVE, v:1, k:fub@avestruz, mode:EDIT
2026-05-28 14:06:01, MOVE, v:1, k:fub@avestruz, mode:EDIT
2026-05-28 16:43:26, MOVE, v:1, k:fub@crushometro, mode:DOWN
2026-05-28 16:43:26, MOVE, v:1, k:fub@crushometro, mode:PICK
2026-05-28 16:43:34, EXEC, v:1, k:fub@crushometro, mode:FULL, rate:0, size:6
2026-05-28 16:43:26, MOVE, v:1, k:fub@crushometro, mode:EDIT
2026-05-28 16:43:26, MOVE, v:1, k:fub@crushometro, mode:EDIT
2026-05-28 16:43:33, MOVE, v:1, k:fub@crushometro, mode:EDIT
2026-05-28 16:43:34, MOVE, v:1, k:fub@crushometro, mode:EDIT
2026-05-28 17:05:55, EXEC, v:1, k:fub@crushometro, mode:FULL, rate:100, size:63
2026-05-28 17:05:57, MOVE, v:1, k:fub@crushometro, mode:BACK
2026-05-28 17:06:03, SELF, v:1, k:fub@crushometro, self:1, rate:100
2026-05-28 17:06:39, MOVE, v:1, k:fub@perfeicao, mode:DOWN
2026-05-28 17:06:39, MOVE, v:1, k:fub@perfeicao, mode:PICK
2026-05-28 17:06:40, EXEC, v:1, k:fub@perfeicao, mode:FULL, rate:0, size:5
2026-05-28 17:05:53, MOVE, v:1, k:fub@crushometro, mode:EDIT
2026-05-28 17:05:55, MOVE, v:1, k:fub@crushometro, mode:EDIT
2026-05-28 17:06:39, MOVE, v:1, k:fub@perfeicao, mode:EDIT
2026-05-28 17:06:39, MOVE, v:1, k:fub@perfeicao, mode:EDIT
2026-05-28 17:06:40, MOVE, v:1, k:fub@perfeicao, mode:EDIT
2026-05-28 17:09:03, MOVE, v:1, k:fub@perfeicao, mode:BACK
2026-05-28 17:09:05, MOVE, v:1, k:fub@gagueira, mode:DOWN
2026-05-28 17:09:05, MOVE, v:1, k:fub@gagueira, mode:PICK
2026-05-28 17:09:07, EXEC, v:1, k:fub@gagueira, mode:FULL, rate:0, size:5
2026-05-28 17:09:05, MOVE, v:1, k:fub@gagueira, mode:EDIT
2026-05-28 17:09:05, MOVE, v:1, k:fub@gagueira, mode:EDIT
2026-05-28 17:09:07, MOVE, v:1, k:fub@gagueira, mode:EDIT
2026-05-28 17:14:24, EXEC, v:1, k:fub@gagueira, mode:FULL, rate:0, size:25
2026-05-28 17:14:25, EXEC, v:1, k:fub@gagueira, mode:FULL, rate:0
2026-05-28 17:14:48, EXEC, v:1, k:fub@gagueira, mode:FULL, rate:0, size:21
2026-05-28 17:15:05, EXEC, v:1, k:fub@gagueira, mode:FULL, rate:0, size:22
2026-05-28 17:15:18, EXEC, v:1, k:fub@gagueira, mode:FULL, rate:0, size:22
2026-05-28 17:15:26, EXEC, v:1, k:fub@gagueira, mode:FULL, rate:0, size:22
2026-05-28 17:15:30, EXEC, v:1, k:fub@gagueira, mode:FULL, rate:0, size:22
2026-05-28 17:15:52, EXEC, v:1, k:fub@gagueira, mode:FULL, rate:0, size:22
2026-05-28 17:16:02, MOVE, v:1, k:fub@gagueira, mode:PICK
2026-05-28 17:16:03, EXEC, v:1, k:fub@gagueira, mode:FULL, rate:0
2026-05-28 17:16:09, EXEC, v:1, k:fub@gagueira, mode:FULL, rate:0, size:22
2026-05-28 17:16:50, EXEC, v:1, k:fub@gagueira, mode:FULL, size:22, fail:COMP
2026-05-28 17:17:11, EXEC, v:1, k:fub@gagueira, mode:FULL, rate:100, size:27
2026-05-28 17:17:13, MOVE, v:1, k:fub@gagueira, mode:BACK
2026-05-28 17:17:19, SELF, v:1, k:fub@gagueira, self:1, rate:100
2026-05-28 17:17:19, MOVE, v:1, k:fub@gagueira, mode:PICK
