2026-04-06 16:30:04, MOVE, v:1, k:fub@abs, mode:PICK
2026-04-06 16:30:07, EXEC, v:1, k:fub@abs, mode:FULL, rate:0
2026-04-06 16:32:34, MOVE, v:1, k:fub@abs, mode:BACK
2026-04-06 16:55:40, MOVE, v:1, k:fub@tv, mode:PICK
2026-04-06 16:55:42, EXEC, v:1, k:fub@tv, mode:FULL, rate:100
2026-04-06 16:56:47, EXEC, v:1, k:fub@tv, mode:FULL, rate:0, size:30
2026-04-06 16:57:03, EXEC, v:1, k:fub@tv, mode:FULL, rate:0
2026-04-06 17:08:10, EXEC, v:1, k:fub@tv, mode:FULL, rate:0, size:35
2026-04-06 17:08:42, EXEC, v:1, k:fub@tv, mode:FULL, rate:100, size:22
2026-04-06 17:09:01, MOVE, v:1, k:fub@tv, mode:BACK
2026-04-06 17:10:40, MOVE, v:1, k:sandbox@user_001, mode:PICK
2026-04-06 17:10:41, EXEC, v:1, k:sandbox@user_001, mode:LOCK, rate:0, size:5
2026-04-06 17:10:43, MOVE, v:1, k:sandbox@user_001, mode:BACK
2026-04-06 17:11:59, MOVE, v:1, k:fub@par, mode:DOWN
2026-04-06 17:14:13, MOVE, v:1, k:sandbox@user_001, mode:PICK
2026-04-06 17:14:14, EXEC, v:1, k:sandbox@user_001, mode:LOCK, rate:0
2026-04-06 17:14:20, MOVE, v:1, k:sandbox@user_001, mode:BACK
2026-04-06 17:14:29, MOVE, v:1, k:sandbox@user_001, mode:PICK
2026-04-06 17:14:31, MOVE, v:1, k:sandbox@user_001, mode:BACK
2026-04-06 17:14:42, MOVE, v:1, k:sandbox@user_001, mode:PICK
2026-04-06 17:14:44, EXEC, v:1, k:sandbox@user_001, mode:LOCK, rate:0
2026-04-06 17:16:23, MOVE, v:1, k:sandbox@user_001, mode:BACK
2026-04-06 17:17:20, MOVE, v:1, k:fub@par, mode:PICK
2026-04-06 17:17:21, EXEC, v:1, k:fub@par, mode:FULL, rate:0, size:5
2026-04-06 17:22:51, EXEC, v:1, k:fub@par, mode:FULL, rate:0, size:10
2026-04-06 17:23:52, MOVE, v:1, k:fub@par, mode:BACK
2026-04-06 17:23:56, MOVE, v:1, k:sandbox@user_001, mode:PICK
2026-04-06 17:23:57, EXEC, v:1, k:sandbox@user_001, mode:LOCK, rate:0, size:12
2026-04-06 17:23:58, EXEC, v:1, k:sandbox@user_001, mode:LOCK, rate:0
2026-04-06 17:24:24, EXEC, v:1, k:sandbox@user_001, mode:LOCK, rate:0, size:14
2026-04-06 17:48:44, MOVE, v:1, k:sandbox@user_001, mode:BACK
2026-04-06 17:48:59, MOVE, v:1, k:fub@abs, mode:PICK
2026-04-06 17:49:00, EXEC, v:1, k:fub@abs, mode:FULL, rate:0
2026-04-06 17:49:16, MOVE, v:1, k:fub@abs, mode:BACK
2026-04-06 17:49:19, MOVE, v:1, k:fub@max, mode:DOWN
2026-04-06 17:49:55, MOVE, v:1, k:fub@max, mode:PICK
2026-04-06 17:49:57, EXEC, v:1, k:fub@max, mode:FULL, rate:0, size:5
2026-04-06 17:57:16, EXEC, v:1, k:fub@max, mode:FULL, rate:100, size:12
2026-04-06 17:57:34, MOVE, v:1, k:fub@max, mode:BACK
2026-04-06 17:57:43, SELF, v:1, k:fub@max, self:1, rate:100
2026-04-06 17:57:50, MOVE, v:1, k:fub@ou, mode:DOWN
2026-04-06 17:58:19, MOVE, v:1, k:fub@ou, mode:PICK
2026-04-06 17:58:20, EXEC, v:1, k:fub@ou, mode:FULL, rate:0, size:5
2026-04-06 18:01:14, EXEC, v:1, k:fub@ou, mode:FULL, rate:100, size:12
2026-04-06 18:01:24, MOVE, v:1, k:fub@ou, mode:BACK
2026-04-06 18:01:29, SELF, v:1, k:fub@ou, self:1, rate:100
2026-04-06 18:01:43, SELF, v:1, k:fub@max, self:1, rate:100, study:3
2026-04-06 18:02:31, MOVE, v:1, k:fub@positivo, mode:DOWN
2026-04-06 18:02:32, MOVE, v:1, k:fub@positivo, mode:PICK
2026-04-06 18:02:34, EXEC, v:1, k:fub@positivo, mode:FULL, rate:0, size:5
2026-04-06 18:06:12, EXEC, v:1, k:fub@positivo, mode:FULL, rate:60, size:12
2026-04-06 18:06:25, EXEC, v:1, k:fub@positivo, mode:FULL, rate:60, size:12
2026-04-06 18:07:01, EXEC, v:1, k:fub@positivo, mode:FULL, rate:100, size:12
2026-04-06 18:07:05, MOVE, v:1, k:fub@positivo, mode:BACK
2026-04-06 18:07:11, SELF, v:1, k:fub@positivo, self:1, rate:100
2026-04-06 18:07:37, MOVE, v:1, k:fub@multiplo, mode:DOWN
2026-04-06 18:07:37, MOVE, v:1, k:fub@multiplo, mode:PICK
2026-04-06 18:07:41, EXEC, v:1, k:fub@multiplo, mode:FULL, rate:0, size:5
2026-04-06 18:11:48, EXEC, v:1, k:fub@multiplo, mode:FULL, size:12, fail:COMP
2026-04-06 18:12:04, EXEC, v:1, k:fub@multiplo, mode:FULL, size:12, fail:COMP
2026-04-06 18:12:30, EXEC, v:1, k:fub@multiplo, mode:FULL, size:12, fail:COMP
2026-04-06 18:14:17, EXEC, v:1, k:fub@multiplo, mode:FULL, rate:42, size:12
2026-04-06 18:14:39, EXEC, v:1, k:fub@multiplo, mode:FULL, rate:57, size:12
2026-04-06 18:15:13, EXEC, v:1, k:fub@multiplo, mode:FULL, rate:57, size:12
2026-04-06 18:15:19, EXEC, v:1, k:fub@multiplo, mode:FULL, rate:57, size:12
2026-04-06 18:16:31, EXEC, v:1, k:fub@multiplo, mode:FULL, rate:42, size:12
2026-04-06 18:16:42, EXEC, v:1, k:fub@multiplo, mode:FULL, rate:42, size:12
2026-04-06 18:16:48, EXEC, v:1, k:fub@multiplo, mode:FULL, rate:57, size:12
2026-04-06 18:16:55, EXEC, v:1, k:fub@multiplo, mode:FULL, rate:42, size:12
2026-04-06 18:17:00, EXEC, v:1, k:fub@multiplo, mode:FULL, rate:57, size:12
2026-04-06 18:18:06, EXEC, v:1, k:fub@multiplo, mode:FULL, rate:57, size:12
2026-04-06 18:18:36, EXEC, v:1, k:fub@multiplo, mode:FULL, rate:57, size:12
2026-04-06 18:18:46, MOVE, v:1, k:fub@multiplo, mode:BACK
2026-04-06 18:18:53, MOVE, v:1, k:fub@calc, mode:DOWN
2026-04-06 18:18:54, MOVE, v:1, k:fub@calc, mode:PICK
2026-04-06 18:18:56, EXEC, v:1, k:fub@calc, mode:FULL, rate:0, size:5
