2026-03-24 16:51:24, MOVE, v:1, k:fub@sobrou, mode:PICK
2026-03-24 16:51:27, EXEC, v:1, k:fub@sobrou, mode:FULL, rate:0, size:7
2026-03-24 16:58:08, EXEC, v:1, k:fub@sobrou, mode:FULL, size:9, fail:COMP
2026-03-24 16:58:47, EXEC, v:1, k:fub@sobrou, mode:FULL, rate:0, size:9
2026-03-24 16:59:01, EXEC, v:1, k:fub@sobrou, mode:FULL, rate:0, size:9
2026-03-24 17:00:14, EXEC, v:1, k:fub@sobrou, mode:FULL, rate:0, size:7
2026-03-24 17:00:41, EXEC, v:1, k:fub@sobrou, mode:FULL, rate:0, size:7
2026-03-24 17:01:05, EXEC, v:1, k:fub@sobrou, mode:FULL, rate:14, size:7
2026-03-24 17:01:13, EXEC, v:1, k:fub@sobrou, mode:FULL, rate:0, size:7
2026-03-24 17:01:23, EXEC, v:1, k:fub@sobrou, mode:FULL, rate:0, size:7
2026-03-24 17:04:59, EXEC, v:1, k:fub@sobrou, mode:FULL, rate:0, size:7
2026-03-24 17:10:36, EXEC, v:1, k:fub@sobrou, mode:FULL, rate:0, size:9
2026-03-24 17:12:21, EXEC, v:1, k:fub@sobrou, mode:FULL, rate:0, size:9
2026-03-24 17:13:38, EXEC, v:1, k:fub@sobrou, mode:FULL, rate:0, size:15
2026-03-24 17:19:54, EXEC, v:1, k:fub@sobrou, mode:FULL, rate:0, size:15
2026-03-24 17:27:50, MOVE, v:1, k:fub@sobrou, mode:BACK
2026-03-24 17:31:17, MOVE, v:1, k:sandbox@user_005, mode:PICK
2026-03-24 17:31:26, EXEC, v:1, k:sandbox@user_005, mode:FULL, size:0, fail:COMP
2026-03-24 17:31:50, EXEC, v:1, k:sandbox@user_005, mode:FULL, fail:COMP
2026-03-24 17:31:50, EXEC, v:1, k:sandbox@user_005, mode:FULL, fail:COMP
2026-03-24 17:31:51, EXEC, v:1, k:sandbox@user_005, mode:FULL, fail:COMP
2026-03-24 17:31:52, EXEC, v:1, k:sandbox@user_005, mode:FULL, fail:COMP
2026-03-24 17:32:23, MOVE, v:1, k:sandbox@user_005, mode:BACK
2026-03-24 17:36:23, MOVE, v:1, k:fub@pr_jokenpo, mode:DOWN
2026-03-24 17:43:07, MOVE, v:1, k:fub@pr_jokenpo, mode:PICK
2026-03-24 17:43:09, EXEC, v:1, k:fub@pr_jokenpo, mode:LOCK, rate:0, size:6
2026-03-24 17:44:50, MOVE, v:1, k:fub@pr_jokenpo, mode:BACK
2026-03-24 17:45:01, MOVE, v:1, k:sandbox@user_006, mode:PICK
2026-03-24 17:45:02, EXEC, v:1, k:sandbox@user_006, mode:FULL, size:0, fail:COMP
2026-03-24 17:46:40, EXEC, v:1, k:sandbox@user_006, mode:LOCK, rate:0, size:11
2026-03-24 17:46:51, EXEC, v:1, k:sandbox@user_006, mode:LOCK, rate:0
2026-03-24 17:47:02, EXEC, v:1, k:sandbox@user_006, mode:LOCK, rate:0
2026-03-24 17:48:42, EXEC, v:1, k:sandbox@user_006, mode:LOCK, rate:0, size:13
2026-03-24 17:48:44, MOVE, v:1, k:sandbox@user_006, mode:BACK
2026-03-24 17:49:22, MOVE, v:1, k:sandbox@user_006, mode:PICK
2026-03-24 17:49:26, EXEC, v:1, k:sandbox@user_006, mode:LOCK, rate:0
2026-03-24 17:51:00, EXEC, v:1, k:sandbox@user_006, mode:LOCK, rate:0, size:16
2026-03-24 17:51:07, EXEC, v:1, k:sandbox@user_006, mode:LOCK, rate:0
2026-03-24 17:51:09, EXEC, v:1, k:sandbox@user_006, mode:LOCK, rate:0
2026-03-24 17:51:12, MOVE, v:1, k:sandbox@user_006, mode:BACK
2026-03-24 17:51:22, MOVE, v:1, k:sandbox@user_006, mode:PICK
2026-03-24 17:51:31, EXEC, v:1, k:sandbox@user_006, mode:LOCK, rate:0
2026-03-24 17:56:36, EXEC, v:1, k:sandbox@user_006, mode:LOCK, rate:0, size:19
2026-03-24 17:59:30, EXEC, v:1, k:sandbox@user_006, mode:LOCK, rate:0, size:23
2026-03-24 18:00:26, EXEC, v:1, k:sandbox@user_006, mode:LOCK, rate:0, size:27
2026-03-24 18:01:13, EXEC, v:1, k:sandbox@user_006, mode:LOCK, rate:0, size:36
