2026-06-03 16:00:36, MOVE, v:1, k:sandbox@user_006, mode:PICK
2026-06-03 16:00:38, MOVE, v:1, k:sandbox@user_006, mode:BACK
2026-06-03 16:01:03, MOVE, v:1, k:fub@krueguer, mode:PICK
2026-06-03 16:01:10, EXEC, v:1, k:fub@krueguer, mode:FULL, rate:100
2026-06-03 16:01:10, MOVE, v:1, k:fub@krueguer, mode:EDIT
2026-06-03 16:23:18, MOVE, v:1, k:fub@krueguer, mode:BACK
2026-06-03 16:23:28, MOVE, v:1, k:fub@antimateria, mode:PICK
2026-06-03 16:23:29, EXEC, v:1, k:fub@antimateria, mode:FULL, rate:50
2026-06-03 16:23:29, MOVE, v:1, k:fub@antimateria, mode:EDIT
2026-06-03 16:39:22, MOVE, v:1, k:fub@antimateria, mode:BACK
2026-06-03 16:39:28, MOVE, v:1, k:fub@word, mode:PICK
2026-06-03 16:39:29, EXEC, v:1, k:fub@word, mode:FULL, rate:100
2026-06-03 16:39:29, MOVE, v:1, k:fub@word, mode:EDIT
2026-06-03 17:04:07, MOVE, v:1, k:fub@word, mode:BACK
2026-06-03 17:04:14, MOVE, v:1, k:fub@espacos, mode:PICK
2026-06-03 17:04:15, EXEC, v:1, k:fub@espacos, mode:FULL, rate:100
2026-06-03 17:04:15, MOVE, v:1, k:fub@espacos, mode:EDIT
2026-06-03 17:26:26, MOVE, v:1, k:fub@espacos, mode:BACK
2026-06-03 17:26:35, MOVE, v:1, k:fub@datilografar, mode:PICK
2026-06-03 17:26:36, EXEC, v:1, k:fub@datilografar, mode:FULL, rate:100
2026-06-03 17:26:36, MOVE, v:1, k:fub@datilografar, mode:EDIT
2026-06-03 17:54:45, MOVE, v:1, k:fub@datilografar, mode:BACK
2026-06-03 17:54:54, MOVE, v:1, k:fub@bubula, mode:PICK
2026-06-03 17:54:55, EXEC, v:1, k:fub@bubula, mode:FULL, rate:100
2026-06-03 17:56:06, MOVE, v:1, k:fub@bubula, mode:BACK
2026-06-03 17:56:09, MOVE, v:1, k:fub@ascologia, mode:PICK
2026-06-03 17:56:10, EXEC, v:1, k:fub@ascologia, mode:FULL, rate:100
2026-06-03 17:56:50, MOVE, v:1, k:fub@ascologia, mode:BACK
2026-06-03 17:56:54, MOVE, v:1, k:fub@alcaparras, mode:PICK
2026-06-03 17:56:55, EXEC, v:1, k:fub@alcaparras, mode:FULL, rate:100
2026-06-03 17:57:50, MOVE, v:1, k:fub@alcaparras, mode:BACK
2026-06-03 17:57:54, MOVE, v:1, k:fub@valdiskley, mode:PICK
2026-06-03 17:57:55, EXEC, v:1, k:fub@valdiskley, mode:FULL, rate:100
2026-06-03 17:58:51, MOVE, v:1, k:fub@valdiskley, mode:BACK
2026-06-03 17:58:54, MOVE, v:1, k:fub@avestruz, mode:PICK
2026-06-03 17:58:55, EXEC, v:1, k:fub@avestruz, mode:FULL, rate:100
2026-06-03 17:58:55, EXEC, v:1, k:fub@avestruz, mode:FULL, rate:100
2026-06-03 17:54:55, MOVE, v:1, k:fub@bubula, mode:EDIT
2026-06-03 17:56:10, MOVE, v:1, k:fub@ascologia, mode:EDIT
2026-06-03 17:56:55, MOVE, v:1, k:fub@alcaparras, mode:EDIT
2026-06-03 17:57:54, MOVE, v:1, k:fub@valdiskley, mode:EDIT
2026-06-03 17:58:55, MOVE, v:1, k:fub@avestruz, mode:EDIT
2026-06-03 17:59:28, MOVE, v:1, k:fub@avestruz, mode:BACK
2026-06-03 17:59:31, MOVE, v:1, k:fub@crushometro, mode:PICK
2026-06-03 18:00:20, MOVE, v:1, k:fub@crushometro, mode:BACK
2026-06-03 18:00:26, MOVE, v:1, k:fub@gagueira, mode:PICK
2026-06-03 18:00:27, EXEC, v:1, k:fub@gagueira, mode:FULL, rate:100
2026-06-03 18:02:01, MOVE, v:1, k:fub@gagueira, mode:BACK
2026-06-03 18:00:27, MOVE, v:1, k:fub@gagueira, mode:EDIT
2026-06-03 18:05:13, MOVE, v:1, k:fub@impedido, mode:DOWN
2026-06-03 18:05:13, MOVE, v:1, k:fub@impedido, mode:PICK
2026-06-03 18:05:15, EXEC, v:1, k:fub@impedido, mode:FULL, rate:0, size:5
2026-06-03 18:05:21, EXEC, v:1, k:fub@impedido, mode:FULL, rate:100, size:17
2026-06-03 18:05:27, MOVE, v:1, k:fub@impedido, mode:BACK
2026-06-03 18:05:13, MOVE, v:1, k:fub@impedido, mode:EDIT
2026-06-03 18:05:13, MOVE, v:1, k:fub@impedido, mode:EDIT
2026-06-03 18:05:20, MOVE, v:1, k:fub@impedido, mode:EDIT
2026-06-03 18:05:20, MOVE, v:1, k:fub@impedido, mode:EDIT
