2026-04-28 11:28:09, MOVE, v:1, k:fub@meio, mode:PICK
2026-04-28 11:28:12, EXEC, v:1, k:fub@meio, mode:FULL, rate:0
2026-04-28 11:31:15, EXEC, v:1, k:fub@meio, mode:FULL, rate:0, size:8
2026-04-28 11:31:15, MOVE, v:1, k:fub@meio, mode:EDIT
2026-04-28 11:32:39, MOVE, v:1, k:fub@meio, mode:EDIT
2026-04-28 11:32:54, EXEC, v:1, k:fub@meio, mode:FULL, rate:0, size:12
2026-04-28 11:33:15, EXEC, v:1, k:fub@meio, mode:FULL, rate:0, size:12
2026-04-28 11:33:53, MOVE, v:1, k:fub@meio, mode:EDIT
2026-04-28 11:33:15, MOVE, v:1, k:fub@meio, mode:EDIT
2026-04-28 11:55:34, MOVE, v:1, k:fub@meio, mode:EDIT
2026-04-28 12:19:24, EXEC, v:1, k:fub@meio, mode:FULL, size:19, fail:COMP
2026-04-28 12:19:34, EXEC, v:1, k:fub@meio, mode:FULL, rate:0, size:19
2026-04-28 12:20:06, EXEC, v:1, k:fub@meio, mode:FULL, size:21, fail:COMP
2026-04-28 12:20:33, EXEC, v:1, k:fub@meio, mode:FULL, rate:0, size:23
2026-04-28 12:20:34, MOVE, v:1, k:fub@meio, mode:EDIT
2026-04-28 12:20:33, MOVE, v:1, k:fub@meio, mode:EDIT
2026-04-28 12:26:17, EXEC, v:1, k:fub@meio, mode:FULL, rate:0, size:13
2026-04-28 12:27:26, EXEC, v:1, k:fub@meio, mode:FULL, rate:0, size:17
2026-04-28 12:27:33, EXEC, v:1, k:fub@meio, mode:FULL, rate:70, size:14
2026-04-28 12:27:39, EXEC, v:1, k:fub@meio, mode:FULL, rate:70
2026-04-28 12:27:40, EXEC, v:1, k:fub@meio, mode:FULL, rate:70
2026-04-28 12:27:32, MOVE, v:1, k:fub@meio, mode:EDIT
2026-04-28 12:27:40, MOVE, v:1, k:fub@meio, mode:EDIT
2026-04-28 12:28:03, EXEC, v:1, k:fub@meio, mode:FULL, rate:100, size:14
2026-04-28 12:28:15, MOVE, v:1, k:fub@meio, mode:BACK
2026-04-28 12:28:20, SELF, v:1, k:fub@meio, self:1, rate:100
2026-04-28 12:28:25, MOVE, v:1, k:fub@jokenpo, mode:PICK
2026-04-28 12:28:26, EXEC, v:1, k:fub@jokenpo, mode:FULL, rate:0
2026-04-28 12:28:02, MOVE, v:1, k:fub@meio, mode:EDIT
2026-04-28 12:28:03, MOVE, v:1, k:fub@meio, mode:EDIT
2026-04-28 12:28:26, MOVE, v:1, k:fub@jokenpo, mode:EDIT
2026-04-28 12:37:08, EXEC, v:1, k:fub@jokenpo, mode:FULL, rate:0
2026-04-28 12:37:08, MOVE, v:1, k:fub@jokenpo, mode:EDIT
2026-04-28 12:40:44, EXEC, v:1, k:fub@jokenpo, mode:FULL, rate:0, size:27
2026-04-28 12:41:17, EXEC, v:1, k:fub@jokenpo, mode:FULL, rate:0, size:27
2026-04-28 12:42:13, MOVE, v:1, k:fub@jokenpo, mode:EDIT
2026-04-28 12:41:17, MOVE, v:1, k:fub@jokenpo, mode:EDIT
2026-04-28 12:44:10, EXEC, v:1, k:fub@jokenpo, mode:FULL, size:34, fail:COMP
2026-04-28 12:44:16, EXEC, v:1, k:fub@jokenpo, mode:FULL, size:34, fail:COMP
2026-04-28 12:45:57, MOVE, v:1, k:fub@jokenpo, mode:PICK
2026-04-28 12:45:58, EXEC, v:1, k:fub@jokenpo, mode:FULL, size:31, fail:COMP
2026-04-28 12:46:00, EXEC, v:1, k:fub@jokenpo, mode:FULL, fail:COMP
2026-04-28 12:54:10, EXEC, v:1, k:fub@jokenpo, mode:FULL, rate:0, size:36
2026-04-28 12:54:28, MOVE, v:1, k:fub@jokenpo, mode:EDIT
2026-04-28 12:54:10, MOVE, v:1, k:fub@jokenpo, mode:EDIT
2026-04-28 12:58:02, EXEC, v:1, k:fub@jokenpo, mode:FULL, size:48, fail:COMP
2026-04-28 12:58:01, MOVE, v:1, k:fub@jokenpo, mode:EDIT
2026-04-28 13:00:02, EXEC, v:1, k:fub@jokenpo, mode:FULL, rate:0, size:46
2026-04-28 13:00:52, EXEC, v:1, k:fub@jokenpo, mode:FULL, rate:0, size:50
2026-04-28 13:01:05, EXEC, v:1, k:fub@jokenpo, mode:FULL, rate:0, size:50
2026-04-28 13:03:19, MOVE, v:1, k:fub@jokenpo, mode:EDIT
2026-04-28 13:01:05, MOVE, v:1, k:fub@jokenpo, mode:EDIT
2026-04-28 13:08:10, EXEC, v:1, k:fub@jokenpo, mode:FULL, size:62, fail:COMP
2026-04-28 13:08:12, EXEC, v:1, k:fub@jokenpo, mode:FULL, rate:0, size:62
2026-04-28 13:08:10, MOVE, v:1, k:fub@jokenpo, mode:EDIT
2026-04-28 13:08:12, MOVE, v:1, k:fub@jokenpo, mode:EDIT
2026-04-28 13:22:02, EXEC, v:1, k:fub@jokenpo, mode:FULL, rate:37, size:61
2026-04-28 13:22:32, EXEC, v:1, k:fub@jokenpo, mode:FULL, rate:100, size:61
2026-04-28 13:23:20, MOVE, v:1, k:fub@jokenpo, mode:BACK
2026-04-28 13:23:27, SELF, v:1, k:fub@jokenpo, self:1, rate:100
2026-04-28 13:23:56, MOVE, v:1, k:fub@meio, mode:PICK
2026-04-28 13:23:57, EXEC, v:1, k:fub@meio, mode:FULL, rate:100
2026-04-28 13:24:04, MOVE, v:1, k:fub@meio, mode:BACK
2026-04-28 13:24:16, MOVE, v:1, k:fub@mumia, mode:PICK
2026-04-28 13:24:20, EXEC, v:1, k:fub@mumia, mode:FULL, rate:100
2026-04-28 13:24:32, MOVE, v:1, k:fub@mumia, mode:BACK
2026-04-28 13:22:59, MOVE, v:1, k:fub@jokenpo, mode:EDIT
2026-04-28 13:22:32, MOVE, v:1, k:fub@jokenpo, mode:EDIT
2026-04-28 13:23:57, MOVE, v:1, k:fub@meio, mode:EDIT
2026-04-28 13:24:20, MOVE, v:1, k:fub@mumia, mode:EDIT
2026-04-28 13:25:10, MOVE, v:1, k:fub@round, mode:PICK
2026-04-28 13:25:11, EXEC, v:1, k:fub@round, mode:FULL, rate:100
2026-04-28 13:25:16, MOVE, v:1, k:fub@round, mode:BACK
