2026-04-14 16:40:22, MOVE, v:1, k:sandbox@user_003, mode:PICK
2026-04-14 16:40:25, EXEC, v:1, k:sandbox@user_003, mode:LOCK, rate:0, size:5
2026-04-14 16:40:33, EXEC, v:1, k:sandbox@user_003, mode:LOCK, rate:0, size:5
2026-04-14 16:40:38, EXEC, v:1, k:sandbox@user_003, mode:FREE
2026-04-14 16:42:33, MOVE, v:1, k:sandbox@user_003, mode:BACK
2026-04-14 16:43:07, MOVE, v:1, k:sandbox@user_004, mode:PICK
2026-04-14 16:43:09, EXEC, v:1, k:sandbox@user_004, mode:LOCK, rate:0, size:5
2026-04-14 16:39:50, MOVE, v:1, k:sandbox@user_003, mode:EDIT
2026-04-14 16:42:27, MOVE, v:1, k:sandbox@user_003, mode:EDIT
2026-04-14 16:40:32, MOVE, v:1, k:sandbox@user_003, mode:EDIT
2026-04-14 16:43:06, MOVE, v:1, k:sandbox@user_004, mode:EDIT
2026-04-14 16:43:09, MOVE, v:1, k:sandbox@user_004, mode:EDIT
2026-04-14 16:43:53, MOVE, v:1, k:sandbox@user_004, mode:EDIT
2026-04-14 16:45:21, EXEC, v:1, k:sandbox@user_004, mode:FULL, size:13, fail:COMP
2026-04-14 16:45:24, EXEC, v:1, k:sandbox@user_004, mode:FREE, size:13
2026-04-14 16:48:39, MOVE, v:1, k:sandbox@user_004, mode:EDIT
2026-04-14 16:47:52, MOVE, v:1, k:sandbox@user_004, mode:EDIT
2026-04-14 16:53:54, MOVE, v:1, k:sandbox@user_004, mode:EDIT
2026-04-14 16:50:01, MOVE, v:1, k:sandbox@user_004, mode:EDIT
2026-04-14 16:58:50, MOVE, v:1, k:sandbox@user_004, mode:EDIT
2026-04-14 16:58:29, MOVE, v:1, k:sandbox@user_004, mode:EDIT
2026-04-14 17:03:52, MOVE, v:1, k:sandbox@user_004, mode:EDIT
2026-04-14 17:02:32, MOVE, v:1, k:sandbox@user_004, mode:EDIT
2026-04-14 17:05:33, MOVE, v:1, k:sandbox@user_004, mode:PICK
2026-04-14 17:05:33, EXEC, v:1, k:sandbox@user_004, mode:LOCK, rate:0, size:32
2026-04-14 17:05:35, EXEC, v:1, k:sandbox@user_004, mode:FREE
2026-04-14 17:09:20, MOVE, v:1, k:sandbox@user_004, mode:EDIT
2026-04-14 17:10:29, MOVE, v:1, k:sandbox@user_004, mode:EDIT
2026-04-14 17:13:09, MOVE, v:1, k:sandbox@user_004, mode:EDIT
2026-04-14 17:13:46, MOVE, v:1, k:sandbox@user_004, mode:EDIT
2026-04-14 17:20:18, MOVE, v:1, k:sandbox@user_004, mode:EDIT
2026-04-14 17:20:19, MOVE, v:1, k:sandbox@user_004, mode:EDIT
2026-04-14 17:24:04, MOVE, v:1, k:sandbox@user_004, mode:EDIT
2026-04-14 17:21:58, MOVE, v:1, k:sandbox@user_004, mode:EDIT
2026-04-14 17:32:18, MOVE, v:1, k:sandbox@user_004, mode:BACK
2026-04-14 17:32:51, MOVE, v:1, k:fub@vet_i, mode:DOWN
2026-04-14 17:33:05, MOVE, v:1, k:fub@vet_i, mode:PICK
2026-04-14 17:33:06, EXEC, v:1, k:fub@vet_i, mode:FULL, rate:0, size:5
2026-04-14 17:32:51, MOVE, v:1, k:fub@vet_i, mode:EDIT
2026-04-14 17:32:51, MOVE, v:1, k:fub@vet_i, mode:EDIT
2026-04-14 17:33:06, MOVE, v:1, k:fub@vet_i, mode:EDIT
2026-04-14 17:52:39, EXEC, v:1, k:fub@vet_i, mode:FULL, rate:0, size:8
2026-04-14 17:52:41, EXEC, v:1, k:fub@vet_i, mode:FULL, rate:0
2026-04-14 17:52:42, EXEC, v:1, k:fub@vet_i, mode:FULL, rate:0
2026-04-14 17:52:53, EXEC, v:1, k:fub@vet_i, mode:FULL, rate:0, size:9
2026-04-14 17:53:02, EXEC, v:1, k:fub@vet_i, mode:FULL, rate:0, size:9
2026-04-14 17:53:11, EXEC, v:1, k:fub@vet_i, mode:FULL, rate:25, size:10
2026-04-14 17:53:37, EXEC, v:1, k:fub@vet_i, mode:FULL, rate:0, size:10
2026-04-14 17:54:31, EXEC, v:1, k:fub@vet_i, mode:FULL, rate:0, size:11
2026-04-14 17:54:47, EXEC, v:1, k:fub@vet_i, mode:FULL, size:11, fail:COMP
2026-04-14 17:54:50, EXEC, v:1, k:fub@vet_i, mode:FULL, rate:0, size:11
2026-04-14 17:55:03, EXEC, v:1, k:fub@vet_i, mode:FULL, rate:0, size:12
2026-04-14 17:55:07, EXEC, v:1, k:fub@vet_i, mode:FULL, rate:0
2026-04-14 17:55:31, EXEC, v:1, k:fub@vet_i, mode:FULL, rate:25, size:11
2026-04-14 17:55:30, MOVE, v:1, k:fub@vet_i, mode:EDIT
2026-04-14 17:55:31, MOVE, v:1, k:fub@vet_i, mode:EDIT
2026-04-14 18:00:23, MOVE, v:1, k:fub@vet_i, mode:EDIT
2026-04-14 17:58:20, MOVE, v:1, k:sandbox@user_004, mode:EDIT
2026-04-14 18:03:00, EXEC, v:1, k:fub@vet_i, mode:FULL, rate:0, size:9
2026-04-14 18:03:12, EXEC, v:1, k:fub@vet_i, mode:FULL, size:10, fail:COMP
2026-04-14 18:03:14, EXEC, v:1, k:fub@vet_i, mode:FULL, rate:0, size:10
2026-04-14 18:05:32, MOVE, v:1, k:fub@vet_i, mode:EDIT
2026-04-14 18:03:14, MOVE, v:1, k:fub@vet_i, mode:EDIT
2026-04-14 18:05:56, EXEC, v:1, k:fub@vet_i, mode:FULL, size:11, fail:COMP
2026-04-14 18:06:07, EXEC, v:1, k:fub@vet_i, mode:FULL, rate:0, size:10
2026-04-14 18:06:16, EXEC, v:1, k:fub@vet_i, mode:FULL, rate:0, size:9
2026-04-14 18:06:29, EXEC, v:1, k:fub@vet_i, mode:FULL, rate:0, size:10
2026-04-14 18:06:31, EXEC, v:1, k:fub@vet_i, mode:FULL, rate:0
2026-04-14 18:06:43, EXEC, v:1, k:fub@vet_i, mode:FULL, rate:25, size:11
2026-04-14 18:09:08, MOVE, v:1, k:fub@vet_i, mode:EDIT
2026-04-14 18:06:43, MOVE, v:1, k:fub@vet_i, mode:EDIT
2026-04-14 18:13:12, EXEC, v:1, k:fub@vet_i, mode:FULL, size:17, fail:COMP
2026-04-14 18:13:14, EXEC, v:1, k:fub@vet_i, mode:FULL, fail:COMP
2026-04-14 18:13:15, EXEC, v:1, k:fub@vet_i, mode:FULL, fail:COMP
2026-04-14 18:13:16, EXEC, v:1, k:fub@vet_i, mode:FULL, fail:COMP
